Archive member included to satisfy reference by file (symbol)

c:/program files (x86)/atmel/studio/7.0/toolchain/avr8/avr8-gnu-toolchain/bin/../lib/gcc/avr/5.4.0/avrxmega6\libgcc.a(_udivmodhi4.o)
                              src/ASF/xmega/drivers/usb/usb_device.o (__udivmodhi4)
c:/program files (x86)/atmel/studio/7.0/toolchain/avr8/avr8-gnu-toolchain/bin/../lib/gcc/avr/5.4.0/avrxmega6\libgcc.a(_exit.o)
                              C:/Program Files (x86)/Atmel/Studio/7.0/Packs/atmel/XMEGAA_DFP/1.3.146/gcc/dev/atxmega256a3u/avrxmega6/crtatxmega256a3u.o (exit)
c:/program files (x86)/atmel/studio/7.0/toolchain/avr8/avr8-gnu-toolchain/bin/../lib/gcc/avr/5.4.0/avrxmega6\libgcc.a(_tablejump2.o)
                              src/ASF/xmega/drivers/usb/usb_device.o (__tablejump2__)
c:/program files (x86)/atmel/studio/7.0/toolchain/avr8/avr8-gnu-toolchain/bin/../lib/gcc/avr/5.4.0/avrxmega6\libgcc.a(_copy_data.o)
                              src/76319_ui.o (__do_copy_data)
c:/program files (x86)/atmel/studio/7.0/toolchain/avr8/avr8-gnu-toolchain/bin/../lib/gcc/avr/5.4.0/avrxmega6\libgcc.a(_clear_bss.o)
                              src/76319_ui.o (__do_clear_bss)
c:/program files (x86)/atmel/studio/7.0/toolchain/avr8/avr8-gnu-toolchain/bin/../lib/gcc/avr/5.4.0/../../../../avr/lib/avrxmega6\libc.a(memcpy.o)
                              src/ASF/xmega/drivers/nvm/nvm.o (memcpy)

Allocating common symbols
Common symbol       size              file

udd_g_ctrlreq       0x10              src/ASF/xmega/drivers/usb/usb_device.o
sleepmgr_locks      0x6               src/ASF/common/services/sleepmgr/xmega/sleepmgr.o

Discarded input sections

 .data          0x00000000        0x0 C:/Program Files (x86)/Atmel/Studio/7.0/Packs/atmel/XMEGAA_DFP/1.3.146/gcc/dev/atxmega256a3u/avrxmega6/crtatxmega256a3u.o
 .bss           0x00000000        0x0 C:/Program Files (x86)/Atmel/Studio/7.0/Packs/atmel/XMEGAA_DFP/1.3.146/gcc/dev/atxmega256a3u/avrxmega6/crtatxmega256a3u.o
 .group         0x00000000        0x8 src/76319_ui.o
 .group         0x00000000        0x8 src/76319_ui.o
 .group         0x00000000        0x8 src/76319_ui.o
 .group         0x00000000        0x8 src/76319_ui.o
 .group         0x00000000        0x8 src/76319_ui.o
 .group         0x00000000        0x8 src/76319_ui.o
 .group         0x00000000        0x8 src/76319_ui.o
 .group         0x00000000        0x8 src/76319_ui.o
 .group         0x00000000        0x8 src/76319_ui.o
 .group         0x00000000        0x8 src/76319_ui.o
 .group         0x00000000        0x8 src/76319_ui.o
 .group         0x00000000        0x8 src/76319_ui.o
 .group         0x00000000        0x8 src/76319_ui.o
 .group         0x00000000        0x8 src/76319_ui.o
 .group         0x00000000        0x8 src/76319_ui.o
 .group         0x00000000        0x8 src/76319_ui.o
 .group         0x00000000        0x8 src/76319_ui.o
 .group         0x00000000        0x8 src/76319_ui.o
 .group         0x00000000        0x8 src/76319_ui.o
 .group         0x00000000        0x8 src/76319_ui.o
 .group         0x00000000        0x8 src/76319_ui.o
 .group         0x00000000        0x8 src/76319_ui.o
 .group         0x00000000        0x8 src/76319_ui.o
 .group         0x00000000        0x8 src/76319_ui.o
 .group         0x00000000        0x8 src/76319_ui.o
 .group         0x00000000        0x8 src/76319_ui.o
 .group         0x00000000        0x8 src/76319_ui.o
 .group         0x00000000        0x8 src/76319_ui.o
 .group         0x00000000        0x8 src/76319_ui.o
 .group         0x00000000        0x8 src/76319_ui.o
 .group         0x00000000        0x8 src/76319_ui.o
 .group         0x00000000        0x8 src/76319_ui.o
 .group         0x00000000        0x8 src/76319_ui.o
 .group         0x00000000        0x8 src/76319_ui.o
 .group         0x00000000        0x8 src/76319_ui.o
 .group         0x00000000        0x8 src/76319_ui.o
 .group         0x00000000        0x8 src/76319_ui.o
 .group         0x00000000        0x8 src/76319_ui.o
 .group         0x00000000        0x8 src/76319_ui.o
 .group         0x00000000        0x8 src/76319_ui.o
 .group         0x00000000        0x8 src/76319_ui.o
 .group         0x00000000        0x8 src/76319_ui.o
 .group         0x00000000        0x8 src/76319_ui.o
 .group         0x00000000        0x8 src/76319_ui.o
 .group         0x00000000        0x8 src/76319_ui.o
 .group         0x00000000        0x8 src/76319_ui.o
 .group         0x00000000        0x8 src/76319_ui.o
 .group         0x00000000        0x8 src/76319_ui.o
 .group         0x00000000        0x8 src/76319_ui.o
 .group         0x00000000        0x8 src/76319_ui.o
 .group         0x00000000        0x8 src/76319_ui.o
 .group         0x00000000        0x8 src/76319_ui.o
 .group         0x00000000        0x8 src/76319_ui.o
 .group         0x00000000        0x8 src/76319_ui.o
 .text          0x00000000        0x0 src/76319_ui.o
 .data          0x00000000        0x0 src/76319_ui.o
 .bss           0x00000000        0x0 src/76319_ui.o
[...]
Memory Configuration

Name             Origin             Length             Attributes
text             0x00000000         0x00042000         xr
data             0x00802000         0x00004000         rw !x
eeprom           0x00810000         0x00001000         rw !x
fuse             0x00820000         0x00000006         rw !x
lock             0x00830000         0x00000400         rw !x
signature        0x00840000         0x00000400         rw !x
user_signatures  0x00850000         0x00000400         rw !x
*default*        0x00000000         0xffffffff

Linker script and memory map

LOAD C:/Program Files (x86)/Atmel/Studio/7.0/Packs/atmel/XMEGAA_DFP/1.3.146/gcc/dev/atxmega256a3u/avrxmega6/crtatxmega256a3u.o
LOAD src/76319_ui.o
LOAD src/ASF/common/services/sleepmgr/xmega/sleepmgr.o
LOAD src/ASF/common/services/clock/xmega/sysclk.o
LOAD src/ASF/common/services/usb/class/composite/device/udi_composite_desc.o
LOAD src/ASF/common/services/usb/class/hid/device/generic/udi_hid_generic.o
LOAD src/ASF/common/services/usb/class/hid/device/kbd/udi_hid_kbd.o
LOAD src/ASF/common/services/usb/class/hid/device/udi_hid.o
LOAD src/ASF/common/services/usb/udc/udc.o
LOAD src/ASF/xmega/drivers/nvm/nvm.o
LOAD src/ASF/xmega/drivers/nvm/nvm_asm.o
LOAD src/ASF/xmega/drivers/cpu/ccp.o
LOAD src/ASF/common/services/ioport/xmega/ioport_compat.o
LOAD src/ASF/xmega/boards/stk600/rc064x/init.o
LOAD src/ASF/xmega/drivers/usb/usb_device.o
LOAD src/main.o
START GROUP
LOAD c:/program files (x86)/atmel/studio/7.0/toolchain/avr8/avr8-gnu-toolchain/bin/../lib/gcc/avr/5.4.0/../../../../avr/lib/avrxmega6\libm.a
END GROUP
Address of section .BOOT set to 0x40000
START GROUP
LOAD c:/program files (x86)/atmel/studio/7.0/toolchain/avr8/avr8-gnu-toolchain/bin/../lib/gcc/avr/5.4.0/avrxmega6\libgcc.a
LOAD c:/program files (x86)/atmel/studio/7.0/toolchain/avr8/avr8-gnu-toolchain/bin/../lib/gcc/avr/5.4.0/../../../../avr/lib/avrxmega6\libm.a
LOAD c:/program files (x86)/atmel/studio/7.0/toolchain/avr8/avr8-gnu-toolchain/bin/../lib/gcc/avr/5.4.0/../../../../avr/lib/avrxmega6\libc.a
LOAD C:/Program Files (x86)/Atmel/Studio/7.0/Packs/atmel/XMEGAA_DFP/1.3.146/gcc/dev/atxmega256a3u/avrxmega6\libatxmega256a3u.a
END GROUP
                [0x00000000]                __TEXT_REGION_ORIGIN__ = DEFINED (__TEXT_REGION_ORIGIN__)?__TEXT_REGION_ORIGIN__:0x0
                [0x00802000]                __DATA_REGION_ORIGIN__ = DEFINED (__DATA_REGION_ORIGIN__)?__DATA_REGION_ORIGIN__:0x802000
                [0x00042000]                __TEXT_REGION_LENGTH__ = DEFINED (__TEXT_REGION_LENGTH__)?__TEXT_REGION_LENGTH__:0x100000
                [0x00004000]                __DATA_REGION_LENGTH__ = DEFINED (__DATA_REGION_LENGTH__)?__DATA_REGION_LENGTH__:0xffa0
                [0x00001000]                __EEPROM_REGION_LENGTH__ = DEFINED (__EEPROM_REGION_LENGTH__)?__EEPROM_REGION_LENGTH__:0x10000
                [0x00000006]                __FUSE_REGION_LENGTH__ = DEFINED (__FUSE_REGION_LENGTH__)?__FUSE_REGION_LENGTH__:0x400
                0x00000400                __LOCK_REGION_LENGTH__ = DEFINED (__LOCK_REGION_LENGTH__)?__LOCK_REGION_LENGTH__:0x400
                0x00000400                __SIGNATURE_REGION_LENGTH__ = DEFINED (__SIGNATURE_REGION_LENGTH__)?__SIGNATURE_REGION_LENGTH__:0x400
                0x00000400                __USER_SIGNATURE_REGION_LENGTH__ = DEFINED (__USER_SIGNATURE_REGION_LENGTH__)?__USER_SIGNATURE_REGION_LENGTH__:0x400

.hash
 *(.hash)

.dynsym
 *(.dynsym)

.dynstr
 *(.dynstr)

.gnu.version
 *(.gnu.version)

.gnu.version_d
 *(.gnu.version_d)

.gnu.version_r
 *(.gnu.version_r)

.rel.init
 *(.rel.init)

.rela.init
 *(.rela.init)

.rel.text
 *(.rel.text)
 *(.rel.text.*)
 *(.rel.gnu.linkonce.t*)

.rela.text
 *(.rela.text)
 *(.rela.text.*)
 *(.rela.gnu.linkonce.t*)

.rel.fini
 *(.rel.fini)

.rela.fini
 *(.rela.fini)

.rel.rodata
 *(.rel.rodata)
 *(.rel.rodata.*)
 *(.rel.gnu.linkonce.r*)

.rela.rodata
 *(.rela.rodata)
 *(.rela.rodata.*)
 *(.rela.gnu.linkonce.r*)

.rel.data
 *(.rel.data)
 *(.rel.data.*)
 *(.rel.gnu.linkonce.d*)

.rela.data
 *(.rela.data)
 *(.rela.data.*)
 *(.rela.gnu.linkonce.d*)

.rel.ctors
 *(.rel.ctors)

.rela.ctors
 *(.rela.ctors)

.rel.dtors
 *(.rel.dtors)

.rela.dtors
 *(.rela.dtors)

.rel.got
 *(.rel.got)

.rela.got
 *(.rela.got)

.rel.bss
 *(.rel.bss)

.rela.bss
 *(.rela.bss)

.rel.plt
 *(.rel.plt)

.rela.plt
 *(.rela.plt)

.text           0x00000000     0x1d94
 *(.vectors)
 .vectors       0x00000000      0x1fc C:/Program Files (x86)/Atmel/Studio/7.0/Packs/atmel/XMEGAA_DFP/1.3.146/gcc/dev/atxmega256a3u/avrxmega6/crtatxmega256a3u.o
                0x00000000                __vector_default
                0x00000000                __vectors
 *(.vectors)
 *(.progmem.gcc*)
 .progmem.gcc_sw_table.udd_ep_get_size
                0x000001fc        0xe src/ASF/xmega/drivers/usb/usb_device.o
                0x0000020a                . = ALIGN (0x2)
                0x0000020a                __trampolines_start = .
 *(.trampolines)
 .trampolines   0x0000020a        0x0 linker stubs
 *(.trampolines*)
                0x0000020a                __trampolines_end = .
 *libprintf_flt.a:*(.progmem.data)
 *libc.a:*(.progmem.data)
 *(.progmem*)
                0x0000020a                . = ALIGN (0x2)
 *(.jumptables)
 *(.jumptables*)
 *(.lowtext)
 *(.lowtext*)
                0x0000020a                __ctors_start = .
 *(.ctors)
                0x0000020a                __ctors_end = .
                0x0000020a                __dtors_start = .
 *(.dtors)
                0x0000020a                __dtors_end = .
 SORT(*)(.ctors)
 SORT(*)(.dtors)
 *(.init0)
 .init0         0x0000020a        0x0 C:/Program Files (x86)/Atmel/Studio/7.0/Packs/atmel/XMEGAA_DFP/1.3.146/gcc/dev/atxmega256a3u/avrxmega6/crtatxmega256a3u.o
                0x0000020a                __init
 *(.init0)
 *(.init1)
 *(.init1)
 *(.init2)
 .init2         0x0000020a       0x10 C:/Program Files (x86)/Atmel/Studio/7.0/Packs/atmel/XMEGAA_DFP/1.3.146/gcc/dev/atxmega256a3u/avrxmega6/crtatxmega256a3u.o
 *(.init2)
 *(.init3)
 *(.init3)
 *(.init4)
 .init4         0x0000021a       0x1a c:/program files (x86)/atmel/studio/7.0/toolchain/avr8/avr8-gnu-toolchain/bin/../lib/gcc/avr/5.4.0/avrxmega6\libgcc.a(_copy_data.o)
                0x0000021a                __do_copy_data
 .init4         0x00000234       0x10 c:/program files (x86)/atmel/studio/7.0/toolchain/avr8/avr8-gnu-toolchain/bin/../lib/gcc/avr/5.4.0/avrxmega6\libgcc.a(_clear_bss.o)
                0x00000234                __do_clear_bss
 *(.init4)
 *(.init5)
 *(.init5)
 *(.init6)
 *(.init6)
 *(.init7)
 *(.init7)
 *(.init8)
 *(.init8)
 *(.init9)
 .init9         0x00000244        0x8 C:/Program Files (x86)/Atmel/Studio/7.0/Packs/atmel/XMEGAA_DFP/1.3.146/gcc/dev/atxmega256a3u/avrxmega6/crtatxmega256a3u.o
 *(.init9)
 *(.text)
 .text          0x0000024c        0x2 C:/Program Files (x86)/Atmel/Studio/7.0/Packs/atmel/XMEGAA_DFP/1.3.146/gcc/dev/atxmega256a3u/avrxmega6/crtatxmega256a3u.o
                0x0000024c                __vector_38
                0x0000024c                __vector_104
                0x0000024c                __vector_22
                0x0000024c                __vector_63
                0x0000024c                __vector_28
                0x0000024c                __vector_67
                0x0000024c                __vector_1
                0x0000024c                __vector_119
                0x0000024c                __vector_32
                0x0000024c                __vector_75
                0x0000024c                __vector_71
                0x0000024c                __vector_91
                0x0000024c                __vector_34
                0x0000024c                __vector_62
                0x0000024c                __vector_77
                0x0000024c                __vector_102
                0x0000024c                __vector_24
                0x0000024c                __vector_12
                0x0000024c                __vector_55
                0x0000024c                __vector_69
                0x0000024c                __vector_81
                0x0000024c                __vector_90
                0x0000024c                __vector_46
                0x0000024c                __bad_interrupt
                0x0000024c                __vector_122
                0x0000024c                __vector_72
                0x0000024c                __vector_114
                0x0000024c                __vector_6
                0x0000024c                __vector_110
                0x0000024c                __vector_31
                0x0000024c                __vector_92
                0x0000024c                __vector_35
                0x0000024c                __vector_78
                0x0000024c                __vector_74
                0x0000024c                __vector_117
                0x0000024c                __vector_39
                0x0000024c                __vector_107
                0x0000024c                __vector_3
                0x0000024c                __vector_105
                0x0000024c                __vector_98
                0x0000024c                __vector_23
                0x0000024c                __vector_68
                0x0000024c                __vector_30
                0x0000024c                __vector_73
                0x0000024c                __vector_45
                0x0000024c                __vector_25
                0x0000024c                __vector_93
                0x0000024c                __vector_61
                0x0000024c                __vector_11
                0x0000024c                __vector_54
                0x0000024c                __vector_99
                0x0000024c                __vector_13
                0x0000024c                __vector_17
                0x0000024c                __vector_19
                0x0000024c                __vector_56
                0x0000024c                __vector_7
                0x0000024c                __vector_49
                0x0000024c                __vector_123
                0x0000024c                __vector_41
                0x0000024c                __vector_86
                0x0000024c                __vector_100
                0x0000024c                __vector_101
                0x0000024c                __vector_64
                0x0000024c                __vector_88
                0x0000024c                __vector_109
                0x0000024c                __vector_43
                0x0000024c                __vector_27
                0x0000024c                __vector_5
                0x0000024c                __vector_113
                0x0000024c                __vector_33
                0x0000024c                __vector_76
                0x0000024c                __vector_115
                0x0000024c                __vector_47
                0x0000024c                __vector_52
                0x0000024c                __vector_37
                0x0000024c                __vector_95
                0x0000024c                __vector_103
                0x0000024c                __vector_96
                0x0000024c                __vector_89
                0x0000024c                __vector_108
                0x0000024c                __vector_4
                0x0000024c                __vector_44
                0x0000024c                __vector_82
                0x0000024c                __vector_106
                0x0000024c                __vector_118
                0x0000024c                __vector_51
                0x0000024c                __vector_9
                0x0000024c                __vector_2
                0x0000024c                __vector_21
                0x0000024c                __vector_15
                0x0000024c                __vector_66
                0x0000024c                __vector_36
                0x0000024c                __vector_79
                0x0000024c                __vector_58
                0x0000024c                __vector_70
                0x0000024c                __vector_83
                0x0000024c                __vector_29
                0x0000024c                __vector_60
                0x0000024c                __vector_121
                0x0000024c                __vector_40
                0x0000024c                __vector_85
                0x0000024c                __vector_94
                0x0000024c                __vector_8
                0x0000024c                __vector_26
                0x0000024c                __vector_48
                0x0000024c                __vector_124
                0x0000024c                __vector_116
                0x0000024c                __vector_112
                0x0000024c                __vector_111
                0x0000024c                __vector_80
                0x0000024c                __vector_14
                0x0000024c                __vector_84
                0x0000024c                __vector_57
                0x0000024c                __vector_53
                0x0000024c                __vector_10
                0x0000024c                __vector_50
                0x0000024c                __vector_16
                0x0000024c                __vector_59
                0x0000024c                __vector_18
                0x0000024c                __vector_97
                0x0000024c                __vector_20
                0x0000024c                __vector_42
                0x0000024c                __vector_87
                0x0000024c                __vector_65
                0x0000024c                __vector_120
                0x0000024e                . = ALIGN (0x2)
 *(.text.*)
 .text.BD76319_ui_process
                0x0000024e       0xd8 src/76319_ui.o
                0x0000024e                BD76319_ui_process
 .text.BD76319_ui_kbd_led
                0x00000326        0x8 src/76319_ui.o
                0x00000326                BD76319_ui_kbd_led
 .text.udi_hid_generic_getsetting
                0x0000032e        0x4 src/ASF/common/services/usb/class/hid/device/generic/udi_hid_generic.o
                0x0000032e                udi_hid_generic_getsetting
 .text.udi_hid_generic_setreport
                0x00000332       0x48 src/ASF/common/services/usb/class/hid/device/generic/udi_hid_generic.o
 .text.udi_hid_generic_setfeature_valid
                0x0000037a        0x2 src/ASF/common/services/usb/class/hid/device/generic/udi_hid_generic.o
 .text.udi_hid_generic_enable
                0x0000037c       0x14 src/ASF/common/services/usb/class/hid/device/generic/udi_hid_generic.o
                0x0000037c                udi_hid_generic_enable
 .text.udi_hid_generic_disable
                0x00000390        0x6 src/ASF/common/services/usb/class/hid/device/generic/udi_hid_generic.o
                0x00000390                udi_hid_generic_disable
 .text.udi_hid_generic_setup
                0x00000396       0x14 src/ASF/common/services/usb/class/hid/device/generic/udi_hid_generic.o
                0x00000396                udi_hid_generic_setup
 .text.udi_hid_kbd_getsetting
                0x000003aa        0x4 src/ASF/common/services/usb/class/hid/device/kbd/udi_hid_kbd.o
                0x000003aa                udi_hid_kbd_getsetting
 .text.udi_hid_kbd_setreport
                0x000003ae       0x4a src/ASF/common/services/usb/class/hid/device/kbd/udi_hid_kbd.o
 .text.udi_hid_kbd_enable
                0x000003f8       0x24 src/ASF/common/services/usb/class/hid/device/kbd/udi_hid_kbd.o
                0x000003f8                udi_hid_kbd_enable
 .text.udi_hid_kbd_disable
                0x0000041c        0x6 src/ASF/common/services/usb/class/hid/device/kbd/udi_hid_kbd.o
                0x0000041c                udi_hid_kbd_disable
 .text.udi_hid_kbd_setup
                0x00000422       0x14 src/ASF/common/services/usb/class/hid/device/kbd/udi_hid_kbd.o
                0x00000422                udi_hid_kbd_setup
 .text.udi_hid_kbd_setreport_valid
                0x00000436        0x8 src/ASF/common/services/usb/class/hid/device/kbd/udi_hid_kbd.o
 .text.udi_hid_kbd_send_report
                0x0000043e       0x44 src/ASF/common/services/usb/class/hid/device/kbd/udi_hid_kbd.o
 .text.udi_hid_kbd_report_sent
                0x00000482        0xe src/ASF/common/services/usb/class/hid/device/kbd/udi_hid_kbd.o
 .text.udi_hid_kbd_modifier_up
                0x00000490       0x36 src/ASF/common/services/usb/class/hid/device/kbd/udi_hid_kbd.o
                0x00000490                udi_hid_kbd_modifier_up
 .text.udi_hid_kbd_modifier_down
                0x000004c6       0x34 src/ASF/common/services/usb/class/hid/device/kbd/udi_hid_kbd.o
                0x000004c6                udi_hid_kbd_modifier_down
 .text.udi_hid_kbd_up
                0x000004fa       0x78 src/ASF/common/services/usb/class/hid/device/kbd/udi_hid_kbd.o
                0x000004fa                udi_hid_kbd_up
 .text.udi_hid_kbd_down
                0x00000572       0x68 src/ASF/common/services/usb/class/hid/device/kbd/udi_hid_kbd.o
                0x00000572                udi_hid_kbd_down
 .text.udi_hid_setup
                0x000005da      0x140 src/ASF/common/services/usb/class/hid/device/udi_hid.o
                0x000005da                udi_hid_setup
 .text.udc_next_desc_in_iface
                0x0000071a       0x6a src/ASF/common/services/usb/udc/udc.o
 .text.udc_valid_address
                0x00000784        0xa src/ASF/common/services/usb/udc/udc.o
 .text.udc_update_iface_desc
                0x0000078e       0x74 src/ASF/common/services/usb/udc/udc.o
 .text.udc_iface_disable
                0x00000802       0x84 src/ASF/common/services/usb/udc/udc.o
 .text.udc_iface_enable
                0x00000886       0x64 src/ASF/common/services/usb/udc/udc.o
 .text.udc_get_interface_desc
                0x000008ea        0xa src/ASF/common/services/usb/udc/udc.o
                0x000008ea                udc_get_interface_desc
 .text.udc_reset
                0x000008f4       0x54 src/ASF/common/services/usb/udc/udc.o
                0x000008f4                udc_reset
 .text.udc_sof_notify
                0x00000948       0x60 src/ASF/common/services/usb/udc/udc.o
                0x00000948                udc_sof_notify
 .text.udc_process_setup
                0x000009a8      0x53c src/ASF/common/services/usb/udc/udc.o
                0x000009a8                udc_process_setup
 .text.udd_sleep_mode
                0x00000ee4       0x70 src/ASF/xmega/drivers/usb/usb_device.o
 .text.udd_ctrl_init
                0x00000f54       0x4a src/ASF/xmega/drivers/usb/usb_device.o
 .text.udd_ctrl_stall_data
                0x00000f9e       0x1c src/ASF/xmega/drivers/usb/usb_device.o
 .text.udd_ctrl_send_zlp_in
                0x00000fba       0x1c src/ASF/xmega/drivers/usb/usb_device.o
 .text.udd_ctrl_endofrequest
                0x00000fd6       0x10 src/ASF/xmega/drivers/usb/usb_device.o
 .text.udd_ctrl_in_sent
                0x00000fe6       0xd8 src/ASF/xmega/drivers/usb/usb_device.o
 .text.udd_ep_get_size
                0x000010be       0x50 src/ASF/xmega/drivers/usb/usb_device.o
 .text.udd_ep_get_job
                0x0000110e       0x36 src/ASF/xmega/drivers/usb/usb_device.o
 .text.udd_ctrl_interrupt_tc_setup
                0x00001144       0xe2 src/ASF/xmega/drivers/usb/usb_device.o
 .text.udd_ep_trans_complet
                0x00001226      0x2fc src/ASF/xmega/drivers/usb/usb_device.o
 .text.udd_set_address
                0x00001522        0x6 src/ASF/xmega/drivers/usb/usb_device.o
                0x00001522                udd_set_address
 .text.udd_getaddress
                0x00001528        0x6 src/ASF/xmega/drivers/usb/usb_device.o
                0x00001528                udd_getaddress
 .text.udd_get_frame_number
                0x0000152e        0xa src/ASF/xmega/drivers/usb/usb_device.o
                0x0000152e                udd_get_frame_number
 .text.udd_set_setup_payload
                0x00001538        0xe src/ASF/xmega/drivers/usb/usb_device.o
                0x00001538                udd_set_setup_payload
 .text.udd_ep_alloc
                0x00001546      0x110 src/ASF/xmega/drivers/usb/usb_device.o
                0x00001546                udd_ep_alloc
 .text.udd_ep_is_halted
                0x00001656       0x36 src/ASF/xmega/drivers/usb/usb_device.o
                0x00001656                udd_ep_is_halted
 .text.udd_ep_clear_halt
                0x0000168c       0x6e src/ASF/xmega/drivers/usb/usb_device.o
                0x0000168c                udd_ep_clear_halt
 .text.udd_ep_run
                0x000016fa      0x194 src/ASF/xmega/drivers/usb/usb_device.o
                0x000016fa                udd_ep_run
 .text.udd_ep_abort
                0x0000188e       0x9e src/ASF/xmega/drivers/usb/usb_device.o
                0x0000188e                udd_ep_abort
 .text.udd_ep_free
                0x0000192c       0x38 src/ASF/xmega/drivers/usb/usb_device.o
                0x0000192c                udd_ep_free
 .text.udd_ep_set_halt
                0x00001964       0x3a src/ASF/xmega/drivers/usb/usb_device.o
                0x00001964                udd_ep_set_halt
 .text.__vector_125
                0x0000199e      0x176 src/ASF/xmega/drivers/usb/usb_device.o
                0x0000199e                __vector_125
 .text.__vector_126
                0x00001b14      0x1f0 src/ASF/xmega/drivers/usb/usb_device.o
                0x00001b14                __vector_126
 .text.main     0x00001d04        0x6 src/main.o
                0x00001d04                main
 .text.main_suspend_action
                0x00001d0a        0x2 src/main.o
                0x00001d0a                main_suspend_action
 .text.main_resume_action
                0x00001d0c        0x2 src/main.o
                0x00001d0c                main_resume_action
 .text.main_sof_action
                0x00001d0e       0x18 src/main.o
                0x00001d0e                main_sof_action
 .text.main_remotewakeup_enable
                0x00001d26        0x2 src/main.o
                0x00001d26                main_remotewakeup_enable
 .text.main_remotewakeup_disable
                0x00001d28        0x2 src/main.o
                0x00001d28                main_remotewakeup_disable
 .text.main_kbd_enable
                0x00001d2a        0x8 src/main.o
                0x00001d2a                main_kbd_enable
 .text.main_kbd_disable
                0x00001d32        0x6 src/main.o
                0x00001d32                main_kbd_disable
 .text.main_generic_enable
                0x00001d38        0x8 src/main.o
                0x00001d38                main_generic_enable
 .text.main_generic_disable
                0x00001d40        0x6 src/main.o
                0x00001d40                main_generic_disable
 .text.libgcc.div
                0x00001d46       0x28 c:/program files (x86)/atmel/studio/7.0/toolchain/avr8/avr8-gnu-toolchain/bin/../lib/gcc/avr/5.4.0/avrxmega6\libgcc.a(_udivmodhi4.o)
                0x00001d46                __udivmodhi4
 .text.libgcc   0x00001d6e       0x10 c:/program files (x86)/atmel/studio/7.0/toolchain/avr8/avr8-gnu-toolchain/bin/../lib/gcc/avr/5.4.0/avrxmega6\libgcc.a(_tablejump2.o)
                0x00001d6e                __tablejump2__
 .text.avr-libc
                0x00001d7e       0x12 c:/program files (x86)/atmel/studio/7.0/toolchain/avr8/avr8-gnu-toolchain/bin/../lib/gcc/avr/5.4.0/../../../../avr/lib/avrxmega6\libc.a(memcpy.o)
                0x00001d7e                memcpy
                0x00001d90                . = ALIGN (0x2)
 *(.fini9)
 .fini9         0x00001d90        0x0 c:/program files (x86)/atmel/studio/7.0/toolchain/avr8/avr8-gnu-toolchain/bin/../lib/gcc/avr/5.4.0/avrxmega6\libgcc.a(_exit.o)
                0x00001d90                _exit
                0x00001d90                exit
 *(.fini9)
 *(.fini8)
 *(.fini8)
 *(.fini7)
 *(.fini7)
 *(.fini6)
 *(.fini6)
 *(.fini5)
 *(.fini5)
 *(.fini4)
 *(.fini4)
 *(.fini3)
 *(.fini3)
 *(.fini2)
 *(.fini2)
 *(.fini1)
 *(.fini1)
 *(.fini0)
 .fini0         0x00001d90        0x4 c:/program files (x86)/atmel/studio/7.0/toolchain/avr8/avr8-gnu-toolchain/bin/../lib/gcc/avr/5.4.0/avrxmega6\libgcc.a(_exit.o)
 *(.fini0)
                0x00001d94                _etext = .

.data           0x00802000      0x140 load address 0x00001d94
                0x00802000                PROVIDE (__data_start, .)
 *(.data)
 *(.data*)
 .data.Bd76319_ui_sequence
                0x00802000        0x6 src/76319_ui.o
 .data.udc_config
                0x00802006        0x6 src/ASF/common/services/usb/class/composite/device/udi_composite_desc.o
                0x00802006                udc_config
 .data.udc_config_lsfs
                0x0080200c        0x4 src/ASF/common/services/usb/class/composite/device/udi_composite_desc.o
                0x0080200c                udc_config_lsfs
 .data.udi_apis
                0x00802010        0x4 src/ASF/common/services/usb/class/composite/device/udi_composite_desc.o
                0x00802010                udi_apis
 .data.udc_desc_fs
                0x00802014       0x3c src/ASF/common/services/usb/class/composite/device/udi_composite_desc.o
                0x00802014                udc_desc_fs
 .data.udc_device_desc
                0x00802050       0x12 src/ASF/common/services/usb/class/composite/device/udi_composite_desc.o
                0x00802050                udc_device_desc
 .data.udi_hid_generic_report_desc
                0x00802062       0x1b src/ASF/common/services/usb/class/hid/device/generic/udi_hid_generic.o
                0x00802062                udi_hid_generic_report_desc
 .data.udi_api_hid_generic
                0x0080207d        0xa src/ASF/common/services/usb/class/hid/device/generic/udi_hid_generic.o
                0x0080207d                udi_api_hid_generic
 .data.udi_hid_kbd_report_desc
                0x00802087       0x3b src/ASF/common/services/usb/class/hid/device/kbd/udi_hid_kbd.o
                0x00802087                udi_hid_kbd_report_desc
 .data.udi_api_hid_kbd
                0x008020c2        0xa src/ASF/common/services/usb/class/hid/device/kbd/udi_hid_kbd.o
                0x008020c2                udi_api_hid_kbd
 .data.udc_string_desc
                0x008020cc       0x44 src/ASF/common/services/usb/udc/udc.o
 .data.udc_string_product_name
                0x00802110       0x22 src/ASF/common/services/usb/udc/udc.o
 .data.udc_string_manufacturer_name
                0x00802132        0xa src/ASF/common/services/usb/udc/udc.o
 .data.udc_string_desc_languageid
                0x0080213c        0x4 src/ASF/common/services/usb/udc/udc.o
 *(.gnu.linkonce.d*)
 *(.rodata)
 *(.rodata*)
 *(.gnu.linkonce.r*)
                0x00802140                . = ALIGN (0x2)
                0x00802140                _edata = .
                0x00802140                PROVIDE (__data_end, .)

.bss            0x00802140      0x13d
                0x00802140                PROVIDE (__bss_start, .)
 *(.bss)
 *(.bss*)
 .bss.lui_u8_sequence_pos.5279
                0x00802140        0x1 src/76319_ui.o
 .bss.lui_sequence_running.5278
                0x00802141        0x1 src/76319_ui.o
 .bss.lui_btn_last_state.5277
                0x00802142        0x1 src/76319_ui.o
 .bss.lui_cpt_sof.5281
                0x00802143        0x2 src/76319_ui.o
 .bss.ui_KeyToReport
                0x00802145        0x1 src/76319_ui.o
 .bss.ui_KeyStatusToReport
                0x00802146        0x1 src/76319_ui.o
 *fill*         0x00802147        0x1 
 .bss.udi_hid_generic_report_feature
                0x00802148        0x0 src/ASF/common/services/usb/class/hid/device/generic/udi_hid_generic.o
 .bss.udi_hid_generic_b_report_in_free
                0x00802148        0x1 src/ASF/common/services/usb/class/hid/device/generic/udi_hid_generic.o
 *fill*         0x00802149        0x1 
 .bss.udi_hid_generic_protocol
                0x0080214a        0x2 src/ASF/common/services/usb/class/hid/device/generic/udi_hid_generic.o
 .bss.udi_hid_generic_rate
                0x0080214c        0x2 src/ASF/common/services/usb/class/hid/device/generic/udi_hid_generic.o
 .bss.udi_hid_kbd_report_trans
                0x0080214e        0x8 src/ASF/common/services/usb/class/hid/device/kbd/udi_hid_kbd.o
 .bss.udi_hid_kbd_b_report_trans_ongoing
                0x00802156        0x1 src/ASF/common/services/usb/class/hid/device/kbd/udi_hid_kbd.o
 .bss.udi_hid_kbd_report
                0x00802157        0x8 src/ASF/common/services/usb/class/hid/device/kbd/udi_hid_kbd.o
 .bss.udi_hid_kbd_b_report_valid
                0x0080215f        0x1 src/ASF/common/services/usb/class/hid/device/kbd/udi_hid_kbd.o
 .bss.udi_hid_kbd_report_set
                0x00802160        0x2 src/ASF/common/services/usb/class/hid/device/kbd/udi_hid_kbd.o
 .bss.udi_hid_kbd_protocol
                0x00802162        0x2 src/ASF/common/services/usb/class/hid/device/kbd/udi_hid_kbd.o
 .bss.udi_hid_kbd_rate
                0x00802164        0x2 src/ASF/common/services/usb/class/hid/device/kbd/udi_hid_kbd.o
 .bss.udc_ep_status.4556
                0x00802166        0x2 src/ASF/common/services/usb/udc/udc.o
 .bss.udc_ptr_iface
                0x00802168        0x2 src/ASF/common/services/usb/udc/udc.o
 .bss.udc_ptr_conf
                0x0080216a        0x2 src/ASF/common/services/usb/udc/udc.o
 .bss.udc_num_configuration
                0x0080216c        0x2 src/ASF/common/services/usb/udc/udc.o
 .bss.udc_iface_setting
                0x0080216e        0x2 src/ASF/common/services/usb/udc/udc.o
 .bss.udc_device_status
                0x00802170        0x2 src/ASF/common/services/usb/udc/udc.o
 .bss.b_shortpacket.5272
                0x00802172        0x1 src/ASF/xmega/drivers/usb/usb_device.o
 .bss.udd_ep_out_cache_buffer
                0x00802173       0x80 src/ASF/xmega/drivers/usb/usb_device.o
 .bss.udd_ep_job
                0x008021f3       0x24 src/ASF/xmega/drivers/usb/usb_device.o
 .bss.udd_ctrl_buffer
                0x00802217        0x8 src/ASF/xmega/drivers/usb/usb_device.o
 .bss.udd_ctrl_payload_nb_trans
                0x0080221f        0x2 src/ASF/xmega/drivers/usb/usb_device.o
 .bss.udd_ctrl_prev_payload_nb_trans
                0x00802221        0x2 src/ASF/xmega/drivers/usb/usb_device.o
 .bss.udd_ep_control_state
                0x00802223        0x1 src/ASF/xmega/drivers/usb/usb_device.o
 .bss.udd_sram  0x00802224       0x40 src/ASF/xmega/drivers/usb/usb_device.o
 .bss.udd_b_idle
                0x00802264        0x1 src/ASF/xmega/drivers/usb/usb_device.o
 .bss.main_b_generic_enable
                0x00802265        0x1 src/main.o
 .bss.main_b_kbd_enable
                0x00802266        0x1 src/main.o
 *(COMMON)
 COMMON         0x00802267        0x6 src/ASF/common/services/sleepmgr/xmega/sleepmgr.o
                0x00802267                sleepmgr_locks
 COMMON         0x0080226d       0x10 src/ASF/xmega/drivers/usb/usb_device.o
                0x0080226d                udd_g_ctrlreq
                0x0080227d                PROVIDE (__bss_end, .)
                0x00001d94                __data_load_start = LOADADDR (.data)
                0x00001ed4                __data_load_end = (__data_load_start + SIZEOF (.data))

.noinit         0x0080227d        0x0
                [!provide]                PROVIDE (__noinit_start, .)
 *(.noinit*)
                [!provide]                PROVIDE (__noinit_end, .)
                0x0080227d                _end = .
                [!provide]                PROVIDE (__heap_start, .)

.eeprom         0x00810000        0x0
 *(.eeprom*)
                0x00810000                __eeprom_end = .

.fuse
 *(.fuse)
 *(.lfuse)
 *(.hfuse)
 *(.efuse)

.lock
 *(.lock*)

.signature
 *(.signature*)

.user_signatures
 *(.user_signatures*)

.stab
 *(.stab)

.stabstr
 *(.stabstr)

.stab.excl
 *(.stab.excl)

.stab.exclstr
 *(.stab.exclstr)

.stab.index
 *(.stab.index)

.stab.indexstr
 *(.stab.indexstr)

.comment        0x00000000       0x30
 *(.comment)
 .comment       0x00000000       0x30 src/76319_ui.o
                                 0x31 (size before relaxing)
 .comment       0x00000030       0x31 src/ASF/common/services/sleepmgr/xmega/sleepmgr.o
 .comment       0x00000030       0x31 src/ASF/common/services/usb/class/composite/device/udi_composite_desc.o
 .comment       0x00000030       0x31 src/ASF/common/services/usb/class/hid/device/generic/udi_hid_generic.o
 .comment       0x00000030       0x31 src/ASF/common/services/usb/class/hid/device/kbd/udi_hid_kbd.o
 .comment       0x00000030       0x31 src/ASF/common/services/usb/class/hid/device/udi_hid.o
 .comment       0x00000030       0x31 src/ASF/common/services/usb/udc/udc.o
 .comment       0x00000030       0x31 src/ASF/xmega/drivers/usb/usb_device.o
 .comment       0x00000030       0x31 src/main.o

.note.gnu.avr.deviceinfo
                0x00000000       0x40
 .note.gnu.avr.deviceinfo
                0x00000000       0x40 C:/Program Files (x86)/Atmel/Studio/7.0/Packs/atmel/XMEGAA_DFP/1.3.146/gcc/dev/atxmega256a3u/avrxmega6/crtatxmega256a3u.o

.note.gnu.build-id
 *(.note.gnu.build-id)

.debug
 *(.debug)

.line
 *(.line)

.debug_srcinfo
 *(.debug_srcinfo)

.debug_sfnames
 *(.debug_sfnames)

.debug_aranges  0x00000000      0x358
 *(.debug_aranges)
 .debug_aranges
                0x00000000       0x40 src/76319_ui.o
 .debug_aranges
                0x00000040       0x18 src/ASF/common/services/sleepmgr/xmega/sleepmgr.o
 .debug_aranges
                0x00000058       0x18 src/ASF/common/services/usb/class/composite/device/udi_composite_desc.o
 .debug_aranges
                0x00000070       0x58 src/ASF/common/services/usb/class/hid/device/generic/udi_hid_generic.o
 .debug_aranges
                0x000000c8       0x78 src/ASF/common/services/usb/class/hid/device/kbd/udi_hid_kbd.o
 .debug_aranges
                0x00000140       0x20 src/ASF/common/services/usb/class/hid/device/udi_hid.o
 .debug_aranges
                0x00000160       0x70 src/ASF/common/services/usb/udc/udc.o
 .debug_aranges
                0x000001d0      0x120 src/ASF/xmega/drivers/usb/usb_device.o
 .debug_aranges
                0x000002f0       0x68 src/main.o

.debug_pubnames
 *(.debug_pubnames)

.debug_info     0x00000000     0x80df
 *(.debug_info .gnu.linkonce.wi.*)
 .debug_info    0x00000000     0x3409 C:/Program Files (x86)/Atmel/Studio/7.0/Packs/atmel/XMEGAA_DFP/1.3.146/gcc/dev/atxmega256a3u/avrxmega6/crtatxmega256a3u.o
 .debug_info    0x00003409      0x4e5 src/76319_ui.o
 .debug_info    0x000038ee      0x129 src/ASF/common/services/sleepmgr/xmega/sleepmgr.o
 .debug_info    0x00003a17      0x6e6 src/ASF/common/services/usb/class/composite/device/udi_composite_desc.o
 .debug_info    0x000040fd      0x57d src/ASF/common/services/usb/class/hid/device/generic/udi_hid_generic.o
 .debug_info    0x0000467a      0x80a src/ASF/common/services/usb/class/hid/device/kbd/udi_hid_kbd.o
 .debug_info    0x00004e84      0x383 src/ASF/common/services/usb/class/hid/device/udi_hid.o
 .debug_info    0x00005207     0x116c src/ASF/common/services/usb/udc/udc.o
 .debug_info    0x00006373     0x1b1b src/ASF/xmega/drivers/usb/usb_device.o
 .debug_info    0x00007e8e      0x251 src/main.o

.debug_abbrev   0x00000000     0x4539
 *(.debug_abbrev)
 .debug_abbrev  0x00000000     0x3148 C:/Program Files (x86)/Atmel/Studio/7.0/Packs/atmel/XMEGAA_DFP/1.3.146/gcc/dev/atxmega256a3u/avrxmega6/crtatxmega256a3u.o
 .debug_abbrev  0x00003148      0x16a src/76319_ui.o
 .debug_abbrev  0x000032b2       0x84 src/ASF/common/services/sleepmgr/xmega/sleepmgr.o
 .debug_abbrev  0x00003336       0xf1 src/ASF/common/services/usb/class/composite/device/udi_composite_desc.o
 .debug_abbrev  0x00003427      0x2bf src/ASF/common/services/usb/class/hid/device/generic/udi_hid_generic.o
 .debug_abbrev  0x000036e6      0x2ff src/ASF/common/services/usb/class/hid/device/kbd/udi_hid_kbd.o
 .debug_abbrev  0x000039e5      0x17f src/ASF/common/services/usb/class/hid/device/udi_hid.o
 .debug_abbrev  0x00003b64      0x35c src/ASF/common/services/usb/udc/udc.o
 .debug_abbrev  0x00003ec0      0x585 src/ASF/xmega/drivers/usb/usb_device.o
 .debug_abbrev  0x00004445       0xf4 src/main.o

.debug_line     0x00000000     0x5848
 *(.debug_line .debug_line.* .debug_line_end)
 .debug_line    0x00000000      0x39d C:/Program Files (x86)/Atmel/Studio/7.0/Packs/atmel/XMEGAA_DFP/1.3.146/gcc/dev/atxmega256a3u/avrxmega6/crtatxmega256a3u.o
 .debug_line    0x0000039d      0xa0a src/76319_ui.o
 .debug_line    0x00000da7      0x457 src/ASF/common/services/sleepmgr/xmega/sleepmgr.o
 .debug_line    0x000011fe      0x57e src/ASF/common/services/usb/class/composite/device/udi_composite_desc.o
 .debug_line    0x0000177c      0x71b src/ASF/common/services/usb/class/hid/device/generic/udi_hid_generic.o
 .debug_line    0x00001e97      0x943 src/ASF/common/services/usb/class/hid/device/kbd/udi_hid_kbd.o
 .debug_line    0x000027da      0x69c src/ASF/common/services/usb/class/hid/device/udi_hid.o
 .debug_line    0x00002e76      0xb00 src/ASF/common/services/usb/udc/udc.o
 .debug_line    0x00003976     0x14ff src/ASF/xmega/drivers/usb/usb_device.o
 .debug_line    0x00004e75      0x9d3 src/main.o

.debug_frame    0x00000000      0x86c
 *(.debug_frame)
 .debug_frame   0x00000000       0x64 src/76319_ui.o
 .debug_frame   0x00000064       0xb4 src/ASF/common/services/usb/class/hid/device/generic/udi_hid_generic.o
 .debug_frame   0x00000118      0x140 src/ASF/common/services/usb/class/hid/device/kbd/udi_hid_kbd.o
 .debug_frame   0x00000258       0x30 src/ASF/common/services/usb/class/hid/device/udi_hid.o
 .debug_frame   0x00000288      0x114 src/ASF/common/services/usb/udc/udc.o
 .debug_frame   0x0000039c      0x41c src/ASF/xmega/drivers/usb/usb_device.o
 .debug_frame   0x000007b8       0xb4 src/main.o

.debug_str      0x00000000    0x35685
 *(.debug_str)
 .debug_str     0x00000000     0x223b C:/Program Files (x86)/Atmel/Studio/7.0/Packs/atmel/XMEGAA_DFP/1.3.146/gcc/dev/atxmega256a3u/avrxmega6/crtatxmega256a3u.o
 .debug_str     0x0000223b    0x2e4d1 src/76319_ui.o
                              0x2eb76 (size before relaxing)
 .debug_str     0x0003070c       0x96 src/ASF/common/services/sleepmgr/xmega/sleepmgr.o
                              0x299d5 (size before relaxing)
 .debug_str     0x000307a2      0x54b src/ASF/common/services/usb/class/composite/device/udi_composite_desc.o
                              0x2c8ce (size before relaxing)
 .debug_str     0x00030ced      0x51a src/ASF/common/services/usb/class/hid/device/generic/udi_hid_generic.o
                              0x2c8c8 (size before relaxing)
 .debug_str     0x00031207      0x21b src/ASF/common/services/usb/class/hid/device/kbd/udi_hid_kbd.o
                              0x2c931 (size before relaxing)
 .debug_str     0x00031422      0x222 src/ASF/common/services/usb/class/hid/device/udi_hid.o
                              0x2c6e3 (size before relaxing)
 .debug_str     0x00031644      0x6f0 src/ASF/common/services/usb/udc/udc.o
                              0x2cf54 (size before relaxing)
 .debug_str     0x00031d34     0x391b src/ASF/xmega/drivers/usb/usb_device.o
                              0x31c7b (size before relaxing)
 .debug_str     0x0003564f       0x36 src/main.o
                              0x2e9e2 (size before relaxing)

.debug_loc      0x00000000     0x1e46
 *(.debug_loc)
 .debug_loc     0x00000000      0x111 src/76319_ui.o
 .debug_loc     0x00000111       0xd6 src/ASF/common/services/usb/class/hid/device/generic/udi_hid_generic.o
 .debug_loc     0x000001e7      0x3a4 src/ASF/common/services/usb/class/hid/device/kbd/udi_hid_kbd.o
 .debug_loc     0x0000058b      0x3ba src/ASF/common/services/usb/class/hid/device/udi_hid.o
 .debug_loc     0x00000945      0x50d src/ASF/common/services/usb/udc/udc.o
 .debug_loc     0x00000e52      0xff4 src/ASF/xmega/drivers/usb/usb_device.o

.debug_macinfo
 *(.debug_macinfo)

.debug_weaknames
 *(.debug_weaknames)

.debug_funcnames
 *(.debug_funcnames)

.debug_typenames
 *(.debug_typenames)

.debug_varnames
 *(.debug_varnames)

.debug_pubtypes
 *(.debug_pubtypes)

.debug_ranges   0x00000000      0x330
 *(.debug_ranges)
 .debug_ranges  0x00000000       0x30 src/76319_ui.o
 .debug_ranges  0x00000030       0x48 src/ASF/common/services/usb/class/hid/device/generic/udi_hid_generic.o
 .debug_ranges  0x00000078       0x68 src/ASF/common/services/usb/class/hid/device/kbd/udi_hid_kbd.o
 .debug_ranges  0x000000e0       0x28 src/ASF/common/services/usb/class/hid/device/udi_hid.o
 .debug_ranges  0x00000108       0x90 src/ASF/common/services/usb/udc/udc.o
 .debug_ranges  0x00000198      0x140 src/ASF/xmega/drivers/usb/usb_device.o
 .debug_ranges  0x000002d8       0x58 src/main.o

.debug_macro    0x00000000     0xb90f
 *(.debug_macro)
 .debug_macro   0x00000000      0x33a src/76319_ui.o
 .debug_macro   0x0000033a      0xa96 src/76319_ui.o
 .debug_macro   0x00000dd0       0x10 src/76319_ui.o
 .debug_macro   0x00000de0      0x1c9 src/76319_ui.o
 .debug_macro   0x00000fa9      0x2fc src/76319_ui.o
 .debug_macro   0x000012a5       0x9e src/76319_ui.o
 .debug_macro   0x00001343     0x6320 src/76319_ui.o
 .debug_macro   0x00007663       0x9a src/76319_ui.o
 .debug_macro   0x000076fd       0xf1 src/76319_ui.o
 .debug_macro   0x000077ee       0x34 src/76319_ui.o
 .debug_macro   0x00007822       0x16 src/76319_ui.o
 .debug_macro   0x00007838       0x18 src/76319_ui.o
 .debug_macro   0x00007850       0x5e src/76319_ui.o
 .debug_macro   0x000078ae       0x10 src/76319_ui.o
 .debug_macro   0x000078be       0x22 src/76319_ui.o
 .debug_macro   0x000078e0      0x16d src/76319_ui.o
 .debug_macro   0x00007a4d       0x1c src/76319_ui.o
 .debug_macro   0x00007a69       0x35 src/76319_ui.o
 .debug_macro   0x00007a9e       0x66 src/76319_ui.o
 .debug_macro   0x00007b04      0x71d src/76319_ui.o
 .debug_macro   0x00008221       0x96 src/76319_ui.o
 .debug_macro   0x000082b7       0x17 src/76319_ui.o
 .debug_macro   0x000082ce      0x250 src/76319_ui.o
 .debug_macro   0x0000851e       0x76 src/76319_ui.o
 .debug_macro   0x00008594       0x16 src/76319_ui.o
 .debug_macro   0x000085aa      0x6d9 src/76319_ui.o
 .debug_macro   0x00008c83       0x10 src/76319_ui.o
 .debug_macro   0x00008c93      0x175 src/76319_ui.o
 .debug_macro   0x00008e08       0x40 src/76319_ui.o
 .debug_macro   0x00008e48       0x69 src/76319_ui.o
 .debug_macro   0x00008eb1       0x31 src/76319_ui.o
 .debug_macro   0x00008ee2       0xe4 src/76319_ui.o
 .debug_macro   0x00008fc6       0x34 src/76319_ui.o
 .debug_macro   0x00008ffa       0x82 src/76319_ui.o
 .debug_macro   0x0000907c      0x102 src/76319_ui.o
 .debug_macro   0x0000917e       0x40 src/76319_ui.o
 .debug_macro   0x000091be      0x2df src/76319_ui.o
 .debug_macro   0x0000949d       0xad src/76319_ui.o
 .debug_macro   0x0000954a       0x26 src/76319_ui.o
 .debug_macro   0x00009570       0x1c src/76319_ui.o
 .debug_macro   0x0000958c       0x42 src/76319_ui.o
 .debug_macro   0x000095ce       0x10 src/76319_ui.o
 .debug_macro   0x000095de       0x22 src/76319_ui.o
 .debug_macro   0x00009600       0x79 src/76319_ui.o
 .debug_macro   0x00009679       0x2f src/76319_ui.o
 .debug_macro   0x000096a8      0x154 src/76319_ui.o
 .debug_macro   0x000097fc       0xbd src/76319_ui.o
 .debug_macro   0x000098b9       0x2e src/76319_ui.o
 .debug_macro   0x000098e7      0x241 src/76319_ui.o
 .debug_macro   0x00009b28      0x162 src/76319_ui.o
 .debug_macro   0x00009c8a      0x44f src/76319_ui.o
 .debug_macro   0x0000a0d9       0x16 src/76319_ui.o
 .debug_macro   0x0000a0ef       0x16 src/76319_ui.o
 .debug_macro   0x0000a105       0x10 src/76319_ui.o
 .debug_macro   0x0000a115       0x22 src/76319_ui.o
 .debug_macro   0x0000a137      0x1a3 src/ASF/common/services/sleepmgr/xmega/sleepmgr.o
 .debug_macro   0x0000a2da      0x203 src/ASF/common/services/usb/class/composite/device/udi_composite_desc.o
 .debug_macro   0x0000a4dd       0xb7 src/ASF/common/services/usb/class/composite/device/udi_composite_desc.o
 .debug_macro   0x0000a594       0x1c src/ASF/common/services/usb/class/composite/device/udi_composite_desc.o
 .debug_macro   0x0000a5b0       0x1c src/ASF/common/services/usb/class/composite/device/udi_composite_desc.o
 .debug_macro   0x0000a5cc      0x237 src/ASF/common/services/usb/class/hid/device/generic/udi_hid_generic.o
 .debug_macro   0x0000a803       0x16 src/ASF/common/services/usb/class/hid/device/generic/udi_hid_generic.o
 .debug_macro   0x0000a819      0x23d src/ASF/common/services/usb/class/hid/device/kbd/udi_hid_kbd.o
 .debug_macro   0x0000aa56      0x21b src/ASF/common/services/usb/class/hid/device/udi_hid.o
 .debug_macro   0x0000ac71      0x220 src/ASF/common/services/usb/udc/udc.o
 .debug_macro   0x0000ae91      0x2e9 src/ASF/xmega/drivers/usb/usb_device.o
 .debug_macro   0x0000b17a      0x461 src/ASF/xmega/drivers/usb/usb_device.o
 .debug_macro   0x0000b5db      0x334 src/main.o
OUTPUT(CompositeImplementation.elf elf32-avr)
LOAD linker stubs

.BOOT           0x00040000        0x0
