Archive member included to satisfy reference by file (symbol)

c:/program files (x86)/atmel/studio/7.0/toolchain/avr8/avr8-gnu-toolchain/bin/../lib/gcc/avr/5.4.0/avrxmega6\libgcc.a(_udivmodhi4.o)
                              src/ASF/xmega/drivers/usb/usb_device.o (__udivmodhi4)
c:/program files (x86)/atmel/studio/7.0/toolchain/avr8/avr8-gnu-toolchain/bin/../lib/gcc/avr/5.4.0/avrxmega6\libgcc.a(_exit.o)
                              C:/Program Files (x86)/Atmel/Studio/7.0/Packs/atmel/XMEGAA_DFP/1.3.146/gcc/dev/atxmega256a3u/avrxmega6/crtatxmega256a3u.o (exit)
c:/program files (x86)/atmel/studio/7.0/toolchain/avr8/avr8-gnu-toolchain/bin/../lib/gcc/avr/5.4.0/avrxmega6\libgcc.a(_tablejump2.o)
                              src/ASF/xmega/drivers/usb/usb_device.o (__tablejump2__)
c:/program files (x86)/atmel/studio/7.0/toolchain/avr8/avr8-gnu-toolchain/bin/../lib/gcc/avr/5.4.0/avrxmega6\libgcc.a(_copy_data.o)
                              src/76319_ui.o (__do_copy_data)
c:/program files (x86)/atmel/studio/7.0/toolchain/avr8/avr8-gnu-toolchain/bin/../lib/gcc/avr/5.4.0/avrxmega6\libgcc.a(_clear_bss.o)
                              src/76319_ui.o (__do_clear_bss)
c:/program files (x86)/atmel/studio/7.0/toolchain/avr8/avr8-gnu-toolchain/bin/../lib/gcc/avr/5.4.0/../../../../avr/lib/avrxmega6\libc.a(memcpy.o)
                              src/ASF/xmega/drivers/nvm/nvm.o (memcpy)

Allocating common symbols
Common symbol       size              file

udd_g_ctrlreq       0x10              src/ASF/xmega/drivers/usb/usb_device.o
sleepmgr_locks      0x6               src/ASF/common/services/sleepmgr/xmega/sleepmgr.o

Discarded input sections

 .data          0x00000000        0x0 C:/Program Files (x86)/Atmel/Studio/7.0/Packs/atmel/XMEGAA_DFP/1.3.146/gcc/dev/atxmega256a3u/avrxmega6/crtatxmega256a3u.o
 .bss           0x00000000        0x0 C:/Program Files (x86)/Atmel/Studio/7.0/Packs/atmel/XMEGAA_DFP/1.3.146/gcc/dev/atxmega256a3u/avrxmega6/crtatxmega256a3u.o
 .group         0x00000000        0x8 src/76319_ui.o
 .group         0x00000000        0x8 src/76319_ui.o
 .group         0x00000000        0x8 src/76319_ui.o
 .group         0x00000000        0x8 src/76319_ui.o
 .group         0x00000000        0x8 src/76319_ui.o
 .group         0x00000000        0x8 src/76319_ui.o
 .group         0x00000000        0x8 src/76319_ui.o
 .group         0x00000000        0x8 src/76319_ui.o
 .group         0x00000000        0x8 src/76319_ui.o
 .group         0x00000000        0x8 src/76319_ui.o
 .group         0x00000000        0x8 src/76319_ui.o
 .group         0x00000000        0x8 src/76319_ui.o
 .group         0x00000000        0x8 src/76319_ui.o
 .group         0x00000000        0x8 src/76319_ui.o
 .group         0x00000000        0x8 src/76319_ui.o
 .group         0x00000000        0x8 src/76319_ui.o
 .group         0x00000000        0x8 src/76319_ui.o
 .group         0x00000000        0x8 src/76319_ui.o
 .group         0x00000000        0x8 src/76319_ui.o
 .group         0x00000000        0x8 src/76319_ui.o
 .group         0x00000000        0x8 src/76319_ui.o
 .group         0x00000000        0x8 src/76319_ui.o
 .group         0x00000000        0x8 src/76319_ui.o
 .group         0x00000000        0x8 src/76319_ui.o
 .group         0x00000000        0x8 src/76319_ui.o
 .group         0x00000000        0x8 src/76319_ui.o
 .group         0x00000000        0x8 src/76319_ui.o
 .group         0x00000000        0x8 src/76319_ui.o
 .group         0x00000000        0x8 src/76319_ui.o
 .group         0x00000000        0x8 src/76319_ui.o
 .group         0x00000000        0x8 src/76319_ui.o
 .group         0x00000000        0x8 src/76319_ui.o
 .group         0x00000000        0x8 src/76319_ui.o
 .group         0x00000000        0x8 src/76319_ui.o
 .group         0x00000000        0x8 src/76319_ui.o
 .group         0x00000000        0x8 src/76319_ui.o
 .group         0x00000000        0x8 src/76319_ui.o
 .group         0x00000000        0x8 src/76319_ui.o
 .group         0x00000000        0x8 src/76319_ui.o
 .group         0x00000000        0x8 src/76319_ui.o
 .group         0x00000000        0x8 src/76319_ui.o
 .group         0x00000000        0x8 src/76319_ui.o
 .group         0x00000000        0x8 src/76319_ui.o
 .group         0x00000000        0x8 src/76319_ui.o
 .group         0x00000000        0x8 src/76319_ui.o
 .group         0x00000000        0x8 src/76319_ui.o
 .group         0x00000000        0x8 src/76319_ui.o
 .group         0x00000000        0x8 src/76319_ui.o
 .group         0x00000000        0x8 src/76319_ui.o
 .group         0x00000000        0x8 src/76319_ui.o
 .group         0x00000000        0x8 src/76319_ui.o
 .group         0x00000000        0x8 src/76319_ui.o
 .group         0x00000000        0x8 src/76319_ui.o
 .group         0x00000000        0x8 src/76319_ui.o
 .text          0x00000000        0x0 src/76319_ui.o
 .data          0x00000000        0x0 src/76319_ui.o
 .bss           0x00000000        0x0 src/76319_ui.o
[...]
Memory Configuration

Name             Origin             Length             Attributes
text             0x00000000         0x00042000         xr
data             0x00802000         0x00004000         rw !x
eeprom           0x00810000         0x00001000         rw !x
fuse             0x00820000         0x00000006         rw !x
lock             0x00830000         0x00000400         rw !x
signature        0x00840000         0x00000400         rw !x
user_signatures  0x00850000         0x00000400         rw !x
*default*        0x00000000         0xffffffff

Linker script and memory map

LOAD C:/Program Files (x86)/Atmel/Studio/7.0/Packs/atmel/XMEGAA_DFP/1.3.146/gcc/dev/atxmega256a3u/avrxmega6/crtatxmega256a3u.o
LOAD src/76319_ui.o
LOAD src/ASF/common/services/sleepmgr/xmega/sleepmgr.o
LOAD src/ASF/common/services/clock/xmega/sysclk.o
LOAD src/ASF/common/services/usb/class/composite/device/udi_composite_desc.o
LOAD src/ASF/common/services/usb/class/hid/device/generic/udi_hid_generic.o
LOAD src/ASF/common/services/usb/class/hid/device/kbd/udi_hid_kbd.o
LOAD src/ASF/common/services/usb/class/hid/device/udi_hid.o
LOAD src/ASF/common/services/usb/udc/udc.o
LOAD src/ASF/xmega/drivers/nvm/nvm.o
LOAD src/ASF/xmega/drivers/nvm/nvm_asm.o
LOAD src/ASF/xmega/drivers/cpu/ccp.o
LOAD src/ASF/common/services/ioport/xmega/ioport_compat.o
LOAD src/ASF/xmega/boards/stk600/rc064x/init.o
LOAD src/ASF/xmega/drivers/usb/usb_device.o
LOAD src/main.o
START GROUP
LOAD c:/program files (x86)/atmel/studio/7.0/toolchain/avr8/avr8-gnu-toolchain/bin/../lib/gcc/avr/5.4.0/../../../../avr/lib/avrxmega6\libm.a
END GROUP
Address of section .BOOT set to 0x40000
START GROUP
LOAD c:/program files (x86)/atmel/studio/7.0/toolchain/avr8/avr8-gnu-toolchain/bin/../lib/gcc/avr/5.4.0/avrxmega6\libgcc.a
LOAD c:/program files (x86)/atmel/studio/7.0/toolchain/avr8/avr8-gnu-toolchain/bin/../lib/gcc/avr/5.4.0/../../../../avr/lib/avrxmega6\libm.a
LOAD c:/program files (x86)/atmel/studio/7.0/toolchain/avr8/avr8-gnu-toolchain/bin/../lib/gcc/avr/5.4.0/../../../../avr/lib/avrxmega6\libc.a
LOAD C:/Program Files (x86)/Atmel/Studio/7.0/Packs/atmel/XMEGAA_DFP/1.3.146/gcc/dev/atxmega256a3u/avrxmega6\libatxmega256a3u.a
END GROUP
                [0x00000000]                __TEXT_REGION_ORIGIN__ = DEFINED (__TEXT_REGION_ORIGIN__)?__TEXT_REGION_ORIGIN__:0x0
                [0x00802000]                __DATA_REGION_ORIGIN__ = DEFINED (__DATA_REGION_ORIGIN__)?__DATA_REGION_ORIGIN__:0x802000
                [0x00042000]                __TEXT_REGION_LENGTH__ = DEFINED (__TEXT_REGION_LENGTH__)?__TEXT_REGION_LENGTH__:0x100000
                [0x00004000]                __DATA_REGION_LENGTH__ = DEFINED (__DATA_REGION_LENGTH__)?__DATA_REGION_LENGTH__:0xffa0
                [0x00001000]                __EEPROM_REGION_LENGTH__ = DEFINED (__EEPROM_REGION_LENGTH__)?__EEPROM_REGION_LENGTH__:0x10000
                [0x00000006]                __FUSE_REGION_LENGTH__ = DEFINED (__FUSE_REGION_LENGTH__)?__FUSE_REGION_LENGTH__:0x400
                0x00000400                __LOCK_REGION_LENGTH__ = DEFINED (__LOCK_REGION_LENGTH__)?__LOCK_REGION_LENGTH__:0x400
                0x00000400                __SIGNATURE_REGION_LENGTH__ = DEFINED (__SIGNATURE_REGION_LENGTH__)?__SIGNATURE_REGION_LENGTH__:0x400
                0x00000400                __USER_SIGNATURE_REGION_LENGTH__ = DEFINED (__USER_SIGNATURE_REGION_LENGTH__)?__USER_SIGNATURE_REGION_LENGTH__:0x400

.hash
 *(.hash)

.dynsym
 *(.dynsym)

.dynstr
 *(.dynstr)

.gnu.version
 *(.gnu.version)

.gnu.version_d
 *(.gnu.version_d)

.gnu.version_r
 *(.gnu.version_r)

.rel.init
 *(.rel.init)

.rela.init
 *(.rela.init)

.rel.text
 *(.rel.text)
 *(.rel.text.*)
 *(.rel.gnu.linkonce.t*)

.rela.text
 *(.rela.text)
 *(.rela.text.*)
 *(.rela.gnu.linkonce.t*)

.rel.fini
 *(.rel.fini)

.rela.fini
 *(.rela.fini)

.rel.rodata
 *(.rel.rodata)
 *(.rel.rodata.*)
 *(.rel.gnu.linkonce.r*)

.rela.rodata
 *(.rela.rodata)
 *(.rela.rodata.*)
 *(.rela.gnu.linkonce.r*)

.rel.data
 *(.rel.data)
 *(.rel.data.*)
 *(.rel.gnu.linkonce.d*)

.rela.data
 *(.rela.data)
 *(.rela.data.*)
 *(.rela.gnu.linkonce.d*)

.rel.ctors
 *(.rel.ctors)

.rela.ctors
 *(.rela.ctors)

.rel.dtors
 *(.rel.dtors)

.rela.dtors
 *(.rela.dtors)

.rel.got
 *(.rel.got)

.rela.got
 *(.rela.got)

.rel.bss
 *(.rel.bss)

.rela.bss
 *(.rela.bss)

.rel.plt
 *(.rel.plt)

.rela.plt
 *(.rela.plt)

.text           0x00000000     0x1b9c
 *(.vectors)
 .vectors       0x00000000      0x1fc C:/Program Files (x86)/Atmel/Studio/7.0/Packs/atmel/XMEGAA_DFP/1.3.146/gcc/dev/atxmega256a3u/avrxmega6/crtatxmega256a3u.o
                0x00000000                __vector_default
                0x00000000                __vectors
 *(.vectors)
 *(.progmem.gcc*)
 .progmem.gcc_sw_table.udd_ep_get_size
                0x000001fc        0xe src/ASF/xmega/drivers/usb/usb_device.o
                0x0000020a                . = ALIGN (0x2)
                0x0000020a                __trampolines_start = .
 *(.trampolines)
 .trampolines   0x0000020a        0x0 linker stubs
 *(.trampolines*)
                0x0000020a                __trampolines_end = .
 *libprintf_flt.a:*(.progmem.data)
 *libc.a:*(.progmem.data)
 *(.progmem*)
                0x0000020a                . = ALIGN (0x2)
 *(.jumptables)
 *(.jumptables*)
 *(.lowtext)
 *(.lowtext*)
                0x0000020a                __ctors_start = .
 *(.ctors)
                0x0000020a                __ctors_end = .
                0x0000020a                __dtors_start = .
 *(.dtors)
                0x0000020a                __dtors_end = .
 SORT(*)(.ctors)
 SORT(*)(.dtors)
 *(.init0)
 .init0         0x0000020a        0x0 C:/Program Files (x86)/Atmel/Studio/7.0/Packs/atmel/XMEGAA_DFP/1.3.146/gcc/dev/atxmega256a3u/avrxmega6/crtatxmega256a3u.o
                0x0000020a                __init
 *(.init0)
 *(.init1)
 *(.init1)
 *(.init2)
 .init2         0x0000020a       0x10 C:/Program Files (x86)/Atmel/Studio/7.0/Packs/atmel/XMEGAA_DFP/1.3.146/gcc/dev/atxmega256a3u/avrxmega6/crtatxmega256a3u.o
 *(.init2)
 *(.init3)
 *(.init3)
 *(.init4)
 .init4         0x0000021a       0x1a c:/program files (x86)/atmel/studio/7.0/toolchain/avr8/avr8-gnu-toolchain/bin/../lib/gcc/avr/5.4.0/avrxmega6\libgcc.a(_copy_data.o)
                0x0000021a                __do_copy_data
 .init4         0x00000234       0x10 c:/program files (x86)/atmel/studio/7.0/toolchain/avr8/avr8-gnu-toolchain/bin/../lib/gcc/avr/5.4.0/avrxmega6\libgcc.a(_clear_bss.o)
                0x00000234                __do_clear_bss
 *(.init4)
 *(.init5)
 *(.init5)
 *(.init6)
 *(.init6)
 *(.init7)
 *(.init7)
 *(.init8)
 *(.init8)
 *(.init9)
 .init9         0x00000244        0x8 C:/Program Files (x86)/Atmel/Studio/7.0/Packs/atmel/XMEGAA_DFP/1.3.146/gcc/dev/atxmega256a3u/avrxmega6/crtatxmega256a3u.o
 *(.init9)
 *(.text)
 .text          0x0000024c        0x2 C:/Program Files (x86)/Atmel/Studio/7.0/Packs/atmel/XMEGAA_DFP/1.3.146/gcc/dev/atxmega256a3u/avrxmega6/crtatxmega256a3u.o
                0x0000024c                __vector_38
                0x0000024c                __vector_104
                0x0000024c                __vector_22
                0x0000024c                __vector_63
                0x0000024c                __vector_28
                0x0000024c                __vector_67
                0x0000024c                __vector_1
                0x0000024c                __vector_119
                0x0000024c                __vector_32
                0x0000024c                __vector_75
                0x0000024c                __vector_71
                0x0000024c                __vector_91
                0x0000024c                __vector_34
                0x0000024c                __vector_62
                0x0000024c                __vector_77
                0x0000024c                __vector_102
                0x0000024c                __vector_24
                0x0000024c                __vector_12
                0x0000024c                __vector_55
                0x0000024c                __vector_69
                0x0000024c                __vector_81
                0x0000024c                __vector_90
                0x0000024c                __vector_46
                0x0000024c                __bad_interrupt
                0x0000024c                __vector_122
                0x0000024c                __vector_72
                0x0000024c                __vector_114
                0x0000024c                __vector_6
                0x0000024c                __vector_110
                0x0000024c                __vector_31
                0x0000024c                __vector_92
                0x0000024c                __vector_35
                0x0000024c                __vector_78
                0x0000024c                __vector_74
                0x0000024c                __vector_117
                0x0000024c                __vector_39
                0x0000024c                __vector_107
                0x0000024c                __vector_3
                0x0000024c                __vector_105
                0x0000024c                __vector_98
                0x0000024c                __vector_23
                0x0000024c                __vector_68
                0x0000024c                __vector_30
                0x0000024c                __vector_73
                0x0000024c                __vector_45
                0x0000024c                __vector_25
                0x0000024c                __vector_93
                0x0000024c                __vector_61
                0x0000024c                __vector_11
                0x0000024c                __vector_54
                0x0000024c                __vector_99
                0x0000024c                __vector_13
                0x0000024c                __vector_17
                0x0000024c                __vector_19
                0x0000024c                __vector_56
                0x0000024c                __vector_7
                0x0000024c                __vector_49
                0x0000024c                __vector_123
                0x0000024c                __vector_41
                0x0000024c                __vector_86
                0x0000024c                __vector_100
                0x0000024c                __vector_101
                0x0000024c                __vector_64
                0x0000024c                __vector_88
                0x0000024c                __vector_109
                0x0000024c                __vector_43
                0x0000024c                __vector_27
                0x0000024c                __vector_5
                0x0000024c                __vector_113
                0x0000024c                __vector_33
                0x0000024c                __vector_76
                0x0000024c                __vector_115
                0x0000024c                __vector_47
                0x0000024c                __vector_52
                0x0000024c                __vector_37
                0x0000024c                __vector_95
                0x0000024c                __vector_103
                0x0000024c                __vector_96
                0x0000024c                __vector_89
                0x0000024c                __vector_108
                0x0000024c                __vector_4
                0x0000024c                __vector_44
                0x0000024c                __vector_82
                0x0000024c                __vector_106
                0x0000024c                __vector_118
                0x0000024c                __vector_51
                0x0000024c                __vector_9
                0x0000024c                __vector_2
                0x0000024c                __vector_21
                0x0000024c                __vector_15
                0x0000024c                __vector_66
                0x0000024c                __vector_36
                0x0000024c                __vector_79
                0x0000024c                __vector_58
                0x0000024c                __vector_70
                0x0000024c                __vector_83
                0x0000024c                __vector_29
                0x0000024c                __vector_60
                0x0000024c                __vector_121
                0x0000024c                __vector_40
                0x0000024c                __vector_85
                0x0000024c                __vector_94
                0x0000024c                __vector_8
                0x0000024c                __vector_26
                0x0000024c                __vector_48
                0x0000024c                __vector_124
                0x0000024c                __vector_116
                0x0000024c                __vector_112
                0x0000024c                __vector_111
                0x0000024c                __vector_80
                0x0000024c                __vector_14
                0x0000024c                __vector_84
                0x0000024c                __vector_57
                0x0000024c                __vector_53
                0x0000024c                __vector_10
                0x0000024c                __vector_50
                0x0000024c                __vector_16
                0x0000024c                __vector_59
                0x0000024c                __vector_18
                0x0000024c                __vector_97
                0x0000024c                __vector_20
                0x0000024c                __vector_42
                0x0000024c                __vector_87
                0x0000024c                __vector_65
                0x0000024c                __vector_120
                0x0000024e                . = ALIGN (0x2)
 *(.text.*)
 .text.BD76319_ui_kbd_led
                0x0000024e        0x8 src/76319_ui.o
                0x0000024e                BD76319_ui_kbd_led
 .text.sysclk_init
                0x00000256       0x20 src/ASF/common/services/clock/xmega/sysclk.o
                0x00000256                sysclk_init
 .text.sysclk_enable_module
                0x00000276       0x2c src/ASF/common/services/clock/xmega/sysclk.o
                0x00000276                sysclk_enable_module
 .text.sysclk_enable_usb
                0x000002a2       0x4c src/ASF/common/services/clock/xmega/sysclk.o
                0x000002a2                sysclk_enable_usb
 .text.udi_hid_generic_getsetting
                0x000002ee        0x4 src/ASF/common/services/usb/class/hid/device/generic/udi_hid_generic.o
                0x000002ee                udi_hid_generic_getsetting
 .text.udi_hid_generic_setreport
                0x000002f2       0x48 src/ASF/common/services/usb/class/hid/device/generic/udi_hid_generic.o
 .text.udi_hid_generic_setfeature_valid
                0x0000033a        0x2 src/ASF/common/services/usb/class/hid/device/generic/udi_hid_generic.o
 .text.udi_hid_generic_enable
                0x0000033c       0x14 src/ASF/common/services/usb/class/hid/device/generic/udi_hid_generic.o
                0x0000033c                udi_hid_generic_enable
 .text.udi_hid_generic_disable
                0x00000350        0x6 src/ASF/common/services/usb/class/hid/device/generic/udi_hid_generic.o
                0x00000350                udi_hid_generic_disable
 .text.udi_hid_generic_setup
                0x00000356       0x14 src/ASF/common/services/usb/class/hid/device/generic/udi_hid_generic.o
                0x00000356                udi_hid_generic_setup
 .text.udi_hid_kbd_getsetting
                0x0000036a        0x4 src/ASF/common/services/usb/class/hid/device/kbd/udi_hid_kbd.o
                0x0000036a                udi_hid_kbd_getsetting
 .text.udi_hid_kbd_setreport
                0x0000036e       0x4a src/ASF/common/services/usb/class/hid/device/kbd/udi_hid_kbd.o
 .text.udi_hid_kbd_enable
                0x000003b8       0x24 src/ASF/common/services/usb/class/hid/device/kbd/udi_hid_kbd.o
                0x000003b8                udi_hid_kbd_enable
 .text.udi_hid_kbd_disable
                0x000003dc        0x6 src/ASF/common/services/usb/class/hid/device/kbd/udi_hid_kbd.o
                0x000003dc                udi_hid_kbd_disable
 .text.udi_hid_kbd_setup
                0x000003e2       0x14 src/ASF/common/services/usb/class/hid/device/kbd/udi_hid_kbd.o
                0x000003e2                udi_hid_kbd_setup
 .text.udi_hid_kbd_setreport_valid
                0x000003f6        0x8 src/ASF/common/services/usb/class/hid/device/kbd/udi_hid_kbd.o
 .text.udi_hid_setup
                0x000003fe      0x140 src/ASF/common/services/usb/class/hid/device/udi_hid.o
                0x000003fe                udi_hid_setup
 .text.udc_next_desc_in_iface
                0x0000053e       0x6a src/ASF/common/services/usb/udc/udc.o
 .text.udc_valid_address
                0x000005a8        0xa src/ASF/common/services/usb/udc/udc.o
 .text.udc_update_iface_desc
                0x000005b2       0x74 src/ASF/common/services/usb/udc/udc.o
 .text.udc_iface_disable
                0x00000626       0x84 src/ASF/common/services/usb/udc/udc.o
 .text.udc_iface_enable
                0x000006aa       0x64 src/ASF/common/services/usb/udc/udc.o
 .text.udc_get_interface_desc
                0x0000070e        0xa src/ASF/common/services/usb/udc/udc.o
                0x0000070e                udc_get_interface_desc
 .text.udc_start
                0x00000718        0x4 src/ASF/common/services/usb/udc/udc.o
                0x00000718                udc_start
 .text.udc_reset
                0x0000071c       0x54 src/ASF/common/services/usb/udc/udc.o
                0x0000071c                udc_reset
 .text.udc_sof_notify
                0x00000770       0x60 src/ASF/common/services/usb/udc/udc.o
                0x00000770                udc_sof_notify
 .text.udc_process_setup
                0x000007d0      0x53c src/ASF/common/services/usb/udc/udc.o
                0x000007d0                udc_process_setup
 .text.nvm_read_byte
                0x00000d0c       0x14 src/ASF/xmega/drivers/nvm/nvm_asm.o
                0x00000d0c                nvm_read_byte
 .text.ccp_write_io
                0x00000d20        0xc src/ASF/xmega/drivers/cpu/ccp.o
                0x00000d20                ccp_write_io
 .text.udd_sleep_mode
                0x00000d2c       0x70 src/ASF/xmega/drivers/usb/usb_device.o
 .text.udd_ctrl_init
                0x00000d9c       0x4a src/ASF/xmega/drivers/usb/usb_device.o
 .text.udd_ctrl_stall_data
                0x00000de6       0x1c src/ASF/xmega/drivers/usb/usb_device.o
 .text.udd_ctrl_send_zlp_in
                0x00000e02       0x1c src/ASF/xmega/drivers/usb/usb_device.o
 .text.udd_ctrl_endofrequest
                0x00000e1e       0x10 src/ASF/xmega/drivers/usb/usb_device.o
 .text.udd_ctrl_in_sent
                0x00000e2e       0xd8 src/ASF/xmega/drivers/usb/usb_device.o
 .text.udd_ep_get_size
                0x00000f06       0x50 src/ASF/xmega/drivers/usb/usb_device.o
 .text.udd_ep_get_job
                0x00000f56       0x36 src/ASF/xmega/drivers/usb/usb_device.o
 .text.udd_ctrl_interrupt_tc_setup
                0x00000f8c       0xe2 src/ASF/xmega/drivers/usb/usb_device.o
 .text.udd_ep_trans_complet
                0x0000106e      0x2b6 src/ASF/xmega/drivers/usb/usb_device.o
 .text.udd_attach
                0x00001324       0x5a src/ASF/xmega/drivers/usb/usb_device.o
                0x00001324                udd_attach
 .text.udd_enable
                0x0000137e      0x118 src/ASF/xmega/drivers/usb/usb_device.o
                0x0000137e                udd_enable
 .text.udd_set_address
                0x00001496        0x6 src/ASF/xmega/drivers/usb/usb_device.o
                0x00001496                udd_set_address
 .text.udd_getaddress
                0x0000149c        0x6 src/ASF/xmega/drivers/usb/usb_device.o
                0x0000149c                udd_getaddress
 .text.udd_set_setup_payload
                0x000014a2        0xe src/ASF/xmega/drivers/usb/usb_device.o
                0x000014a2                udd_set_setup_payload
 .text.udd_ep_alloc
                0x000014b0      0x122 src/ASF/xmega/drivers/usb/usb_device.o
                0x000014b0                udd_ep_alloc
 .text.udd_ep_is_halted
                0x000015d2       0x36 src/ASF/xmega/drivers/usb/usb_device.o
                0x000015d2                udd_ep_is_halted
 .text.udd_ep_clear_halt
                0x00001608       0x84 src/ASF/xmega/drivers/usb/usb_device.o
                0x00001608                udd_ep_clear_halt
 .text.udd_ep_abort
                0x0000168c       0x9e src/ASF/xmega/drivers/usb/usb_device.o
                0x0000168c                udd_ep_abort
 .text.udd_ep_free
                0x0000172a       0x38 src/ASF/xmega/drivers/usb/usb_device.o
                0x0000172a                udd_ep_free
 .text.udd_ep_set_halt
                0x00001762       0x3a src/ASF/xmega/drivers/usb/usb_device.o
                0x00001762                udd_ep_set_halt
 .text.__vector_125
                0x0000179c      0x17e src/ASF/xmega/drivers/usb/usb_device.o
                0x0000179c                __vector_125
 .text.__vector_126
                0x0000191a      0x1e0 src/ASF/xmega/drivers/usb/usb_device.o
                0x0000191a                __vector_126
 .text.main     0x00001afa       0x24 src/main.o
                0x00001afa                main
 .text.main_suspend_action
                0x00001b1e        0x2 src/main.o
                0x00001b1e                main_suspend_action
 .text.main_resume_action
                0x00001b20        0x2 src/main.o
                0x00001b20                main_resume_action
 .text.main_sof_action
                0x00001b22        0xc src/main.o
                0x00001b22                main_sof_action
 .text.main_remotewakeup_enable
                0x00001b2e        0x2 src/main.o
                0x00001b2e                main_remotewakeup_enable
 .text.main_remotewakeup_disable
                0x00001b30        0x2 src/main.o
                0x00001b30                main_remotewakeup_disable
 .text.main_kbd_enable
                0x00001b32        0x8 src/main.o
                0x00001b32                main_kbd_enable
 .text.main_kbd_disable
                0x00001b3a        0x6 src/main.o
                0x00001b3a                main_kbd_disable
 .text.main_generic_enable
                0x00001b40        0x8 src/main.o
                0x00001b40                main_generic_enable
 .text.main_generic_disable
                0x00001b48        0x6 src/main.o
                0x00001b48                main_generic_disable
 .text.libgcc.div
                0x00001b4e       0x28 c:/program files (x86)/atmel/studio/7.0/toolchain/avr8/avr8-gnu-toolchain/bin/../lib/gcc/avr/5.4.0/avrxmega6\libgcc.a(_udivmodhi4.o)
                0x00001b4e                __udivmodhi4
 .text.libgcc   0x00001b76       0x10 c:/program files (x86)/atmel/studio/7.0/toolchain/avr8/avr8-gnu-toolchain/bin/../lib/gcc/avr/5.4.0/avrxmega6\libgcc.a(_tablejump2.o)
                0x00001b76                __tablejump2__
 .text.avr-libc
                0x00001b86       0x12 c:/program files (x86)/atmel/studio/7.0/toolchain/avr8/avr8-gnu-toolchain/bin/../lib/gcc/avr/5.4.0/../../../../avr/lib/avrxmega6\libc.a(memcpy.o)
                0x00001b86                memcpy
                0x00001b98                . = ALIGN (0x2)
 *(.fini9)
 .fini9         0x00001b98        0x0 c:/program files (x86)/atmel/studio/7.0/toolchain/avr8/avr8-gnu-toolchain/bin/../lib/gcc/avr/5.4.0/avrxmega6\libgcc.a(_exit.o)
                0x00001b98                _exit
                0x00001b98                exit
 *(.fini9)
 *(.fini8)
 *(.fini8)
 *(.fini7)
 *(.fini7)
 *(.fini6)
 *(.fini6)
 *(.fini5)
 *(.fini5)
 *(.fini4)
 *(.fini4)
 *(.fini3)
 *(.fini3)
 *(.fini2)
 *(.fini2)
 *(.fini1)
 *(.fini1)
 *(.fini0)
 .fini0         0x00001b98        0x4 c:/program files (x86)/atmel/studio/7.0/toolchain/avr8/avr8-gnu-toolchain/bin/../lib/gcc/avr/5.4.0/avrxmega6\libgcc.a(_exit.o)
 *(.fini0)
                0x00001b9c                _etext = .

.data           0x00802000      0x13a load address 0x00001b9c
                0x00802000                PROVIDE (__data_start, .)
 *(.data)
 *(.data*)
 .data.udc_config
                0x00802000        0x6 src/ASF/common/services/usb/class/composite/device/udi_composite_desc.o
                0x00802000                udc_config
 .data.udc_config_lsfs
                0x00802006        0x4 src/ASF/common/services/usb/class/composite/device/udi_composite_desc.o
                0x00802006                udc_config_lsfs
 .data.udi_apis
                0x0080200a        0x4 src/ASF/common/services/usb/class/composite/device/udi_composite_desc.o
                0x0080200a                udi_apis
 .data.udc_desc_fs
                0x0080200e       0x3c src/ASF/common/services/usb/class/composite/device/udi_composite_desc.o
                0x0080200e                udc_desc_fs
 .data.udc_device_desc
                0x0080204a       0x12 src/ASF/common/services/usb/class/composite/device/udi_composite_desc.o
                0x0080204a                udc_device_desc
 .data.udi_hid_generic_report_desc
                0x0080205c       0x1b src/ASF/common/services/usb/class/hid/device/generic/udi_hid_generic.o
                0x0080205c                udi_hid_generic_report_desc
 .data.udi_api_hid_generic
                0x00802077        0xa src/ASF/common/services/usb/class/hid/device/generic/udi_hid_generic.o
                0x00802077                udi_api_hid_generic
 .data.udi_hid_kbd_report_desc
                0x00802081       0x3b src/ASF/common/services/usb/class/hid/device/kbd/udi_hid_kbd.o
                0x00802081                udi_hid_kbd_report_desc
 .data.udi_api_hid_kbd
                0x008020bc        0xa src/ASF/common/services/usb/class/hid/device/kbd/udi_hid_kbd.o
                0x008020bc                udi_api_hid_kbd
 .data.udc_string_desc
                0x008020c6       0x44 src/ASF/common/services/usb/udc/udc.o
 .data.udc_string_product_name
                0x0080210a       0x22 src/ASF/common/services/usb/udc/udc.o
 .data.udc_string_manufacturer_name
                0x0080212c        0xa src/ASF/common/services/usb/udc/udc.o
 .data.udc_string_desc_languageid
                0x00802136        0x4 src/ASF/common/services/usb/udc/udc.o
 *(.gnu.linkonce.d*)
 *(.rodata)
 *(.rodata*)
 *(.gnu.linkonce.r*)
                0x0080213a                . = ALIGN (0x2)
                0x0080213a                _edata = .
                0x0080213a                PROVIDE (__data_end, .)

.bss            0x0080213a      0x193
                0x0080213a                PROVIDE (__bss_start, .)
 *(.bss)
 *(.bss*)
 .bss.udi_hid_generic_report_feature
                0x0080213a        0x0 src/ASF/common/services/usb/class/hid/device/generic/udi_hid_generic.o
 .bss.udi_hid_generic_b_report_in_free
                0x0080213a        0x1 src/ASF/common/services/usb/class/hid/device/generic/udi_hid_generic.o
 *fill*         0x0080213b        0x1 
 .bss.udi_hid_generic_protocol
                0x0080213c        0x2 src/ASF/common/services/usb/class/hid/device/generic/udi_hid_generic.o
 .bss.udi_hid_generic_rate
                0x0080213e        0x2 src/ASF/common/services/usb/class/hid/device/generic/udi_hid_generic.o
 .bss.udi_hid_kbd_b_report_trans_ongoing
                0x00802140        0x1 src/ASF/common/services/usb/class/hid/device/kbd/udi_hid_kbd.o
 .bss.udi_hid_kbd_report
                0x00802141        0x8 src/ASF/common/services/usb/class/hid/device/kbd/udi_hid_kbd.o
 .bss.udi_hid_kbd_b_report_valid
                0x00802149        0x1 src/ASF/common/services/usb/class/hid/device/kbd/udi_hid_kbd.o
 .bss.udi_hid_kbd_report_set
                0x0080214a        0x2 src/ASF/common/services/usb/class/hid/device/kbd/udi_hid_kbd.o
 .bss.udi_hid_kbd_protocol
                0x0080214c        0x2 src/ASF/common/services/usb/class/hid/device/kbd/udi_hid_kbd.o
 .bss.udi_hid_kbd_rate
                0x0080214e        0x2 src/ASF/common/services/usb/class/hid/device/kbd/udi_hid_kbd.o
 .bss.udc_ep_status.4556
                0x00802150        0x2 src/ASF/common/services/usb/udc/udc.o
 .bss.udc_ptr_iface
                0x00802152        0x2 src/ASF/common/services/usb/udc/udc.o
 .bss.udc_ptr_conf
                0x00802154        0x2 src/ASF/common/services/usb/udc/udc.o
 .bss.udc_num_configuration
                0x00802156        0x2 src/ASF/common/services/usb/udc/udc.o
 .bss.udc_iface_setting
                0x00802158        0x2 src/ASF/common/services/usb/udc/udc.o
 .bss.udc_device_status
                0x0080215a        0x2 src/ASF/common/services/usb/udc/udc.o
 .bss.b_shortpacket.5272
                0x0080215c        0x1 src/ASF/xmega/drivers/usb/usb_device.o
 .bss.udd_ep_out_cache_buffer
                0x0080215d       0xc0 src/ASF/xmega/drivers/usb/usb_device.o
 .bss.udd_ep_job
                0x0080221d       0x36 src/ASF/xmega/drivers/usb/usb_device.o
 .bss.udd_ctrl_buffer
                0x00802253        0x8 src/ASF/xmega/drivers/usb/usb_device.o
 .bss.udd_ctrl_payload_nb_trans
                0x0080225b        0x2 src/ASF/xmega/drivers/usb/usb_device.o
 .bss.udd_ctrl_prev_payload_nb_trans
                0x0080225d        0x2 src/ASF/xmega/drivers/usb/usb_device.o
 .bss.udd_ep_control_state
                0x0080225f        0x1 src/ASF/xmega/drivers/usb/usb_device.o
 .bss.udd_sram  0x00802260       0x54 src/ASF/xmega/drivers/usb/usb_device.o
 .bss.udd_b_idle
                0x008022b4        0x1 src/ASF/xmega/drivers/usb/usb_device.o
 .bss.main_b_generic_enable
                0x008022b5        0x1 src/main.o
 .bss.main_b_kbd_enable
                0x008022b6        0x1 src/main.o
 *(COMMON)
 COMMON         0x008022b7        0x6 src/ASF/common/services/sleepmgr/xmega/sleepmgr.o
                0x008022b7                sleepmgr_locks
 COMMON         0x008022bd       0x10 src/ASF/xmega/drivers/usb/usb_device.o
                0x008022bd                udd_g_ctrlreq
                0x008022cd                PROVIDE (__bss_end, .)
                0x00001b9c                __data_load_start = LOADADDR (.data)
                0x00001cd6                __data_load_end = (__data_load_start + SIZEOF (.data))

.noinit         0x008022cd        0x0
                [!provide]                PROVIDE (__noinit_start, .)
 *(.noinit*)
                [!provide]                PROVIDE (__noinit_end, .)
                0x008022cd                _end = .
                [!provide]                PROVIDE (__heap_start, .)

.eeprom         0x00810000        0x0
 *(.eeprom*)
                0x00810000                __eeprom_end = .

.fuse
 *(.fuse)
 *(.lfuse)
 *(.hfuse)
 *(.efuse)

.lock
 *(.lock*)

.signature
 *(.signature*)

.user_signatures
 *(.user_signatures*)

.stab
 *(.stab)

.stabstr
 *(.stabstr)

.stab.excl
 *(.stab.excl)

.stab.exclstr
 *(.stab.exclstr)

.stab.index
 *(.stab.index)

.stab.indexstr
 *(.stab.indexstr)

.comment        0x00000000       0x30
 *(.comment)
 .comment       0x00000000       0x30 src/76319_ui.o
                                 0x31 (size before relaxing)
 .comment       0x00000030       0x31 src/ASF/common/services/sleepmgr/xmega/sleepmgr.o
 .comment       0x00000030       0x31 src/ASF/common/services/clock/xmega/sysclk.o
 .comment       0x00000030       0x31 src/ASF/common/services/usb/class/composite/device/udi_composite_desc.o
 .comment       0x00000030       0x31 src/ASF/common/services/usb/class/hid/device/generic/udi_hid_generic.o
 .comment       0x00000030       0x31 src/ASF/common/services/usb/class/hid/device/kbd/udi_hid_kbd.o
 .comment       0x00000030       0x31 src/ASF/common/services/usb/class/hid/device/udi_hid.o
 .comment       0x00000030       0x31 src/ASF/common/services/usb/udc/udc.o
 .comment       0x00000030       0x31 src/ASF/xmega/drivers/usb/usb_device.o
 .comment       0x00000030       0x31 src/main.o

.note.gnu.avr.deviceinfo
                0x00000000       0x40
 .note.gnu.avr.deviceinfo
                0x00000000       0x40 C:/Program Files (x86)/Atmel/Studio/7.0/Packs/atmel/XMEGAA_DFP/1.3.146/gcc/dev/atxmega256a3u/avrxmega6/crtatxmega256a3u.o

.note.gnu.build-id
 *(.note.gnu.build-id)

.debug
 *(.debug)

.line
 *(.line)

.debug_srcinfo
 *(.debug_srcinfo)

.debug_sfnames
 *(.debug_sfnames)

.debug_aranges  0x00000000      0x3e0
 *(.debug_aranges)
 .debug_aranges
                0x00000000       0x40 src/76319_ui.o
 .debug_aranges
                0x00000040       0x18 src/ASF/common/services/sleepmgr/xmega/sleepmgr.o
 .debug_aranges
                0x00000058       0x40 src/ASF/common/services/clock/xmega/sysclk.o
 .debug_aranges
                0x00000098       0x18 src/ASF/common/services/usb/class/composite/device/udi_composite_desc.o
 .debug_aranges
                0x000000b0       0x58 src/ASF/common/services/usb/class/hid/device/generic/udi_hid_generic.o
 .debug_aranges
                0x00000108       0x78 src/ASF/common/services/usb/class/hid/device/kbd/udi_hid_kbd.o
 .debug_aranges
                0x00000180       0x20 src/ASF/common/services/usb/class/hid/device/udi_hid.o
 .debug_aranges
                0x000001a0       0x70 src/ASF/common/services/usb/udc/udc.o
 .debug_aranges
                0x00000210       0x28 src/ASF/xmega/drivers/nvm/nvm_asm.o
 .debug_aranges
                0x00000238       0x20 src/ASF/xmega/drivers/cpu/ccp.o
 .debug_aranges
                0x00000258      0x120 src/ASF/xmega/drivers/usb/usb_device.o
 .debug_aranges
                0x00000378       0x68 src/main.o

.debug_pubnames
 *(.debug_pubnames)

.debug_info     0x00000000     0x8a7c
 *(.debug_info .gnu.linkonce.wi.*)
 .debug_info    0x00000000     0x3409 C:/Program Files (x86)/Atmel/Studio/7.0/Packs/atmel/XMEGAA_DFP/1.3.146/gcc/dev/atxmega256a3u/avrxmega6/crtatxmega256a3u.o
 .debug_info    0x00003409      0x4e5 src/76319_ui.o
 .debug_info    0x000038ee      0x129 src/ASF/common/services/sleepmgr/xmega/sleepmgr.o
 .debug_info    0x00003a17      0x71c src/ASF/common/services/clock/xmega/sysclk.o
 .debug_info    0x00004133      0x6e6 src/ASF/common/services/usb/class/composite/device/udi_composite_desc.o
 .debug_info    0x00004819      0x57d src/ASF/common/services/usb/class/hid/device/generic/udi_hid_generic.o
 .debug_info    0x00004d96      0x80a src/ASF/common/services/usb/class/hid/device/kbd/udi_hid_kbd.o
 .debug_info    0x000055a0      0x383 src/ASF/common/services/usb/class/hid/device/udi_hid.o
 .debug_info    0x00005923     0x116c src/ASF/common/services/usb/udc/udc.o
 .debug_info    0x00006a8f       0xb2 src/ASF/xmega/drivers/nvm/nvm_asm.o
 .debug_info    0x00006b41       0xb2 src/ASF/xmega/drivers/cpu/ccp.o
 .debug_info    0x00006bf3     0x1b42 src/ASF/xmega/drivers/usb/usb_device.o
 .debug_info    0x00008735      0x347 src/main.o

.debug_abbrev   0x00000000     0x4814
 *(.debug_abbrev)
 .debug_abbrev  0x00000000     0x3148 C:/Program Files (x86)/Atmel/Studio/7.0/Packs/atmel/XMEGAA_DFP/1.3.146/gcc/dev/atxmega256a3u/avrxmega6/crtatxmega256a3u.o
 .debug_abbrev  0x00003148      0x16a src/76319_ui.o
 .debug_abbrev  0x000032b2       0x84 src/ASF/common/services/sleepmgr/xmega/sleepmgr.o
 .debug_abbrev  0x00003336      0x218 src/ASF/common/services/clock/xmega/sysclk.o
 .debug_abbrev  0x0000354e       0xf1 src/ASF/common/services/usb/class/composite/device/udi_composite_desc.o
 .debug_abbrev  0x0000363f      0x2bf src/ASF/common/services/usb/class/hid/device/generic/udi_hid_generic.o
 .debug_abbrev  0x000038fe      0x2ff src/ASF/common/services/usb/class/hid/device/kbd/udi_hid_kbd.o
 .debug_abbrev  0x00003bfd      0x17f src/ASF/common/services/usb/class/hid/device/udi_hid.o
 .debug_abbrev  0x00003d7c      0x35c src/ASF/common/services/usb/udc/udc.o
 .debug_abbrev  0x000040d8       0x12 src/ASF/xmega/drivers/nvm/nvm_asm.o
 .debug_abbrev  0x000040ea       0x14 src/ASF/xmega/drivers/cpu/ccp.o
 .debug_abbrev  0x000040fe      0x585 src/ASF/xmega/drivers/usb/usb_device.o
 .debug_abbrev  0x00004683      0x191 src/main.o

.debug_line     0x00000000     0x61b1
 *(.debug_line .debug_line.* .debug_line_end)
 .debug_line    0x00000000      0x39d C:/Program Files (x86)/Atmel/Studio/7.0/Packs/atmel/XMEGAA_DFP/1.3.146/gcc/dev/atxmega256a3u/avrxmega6/crtatxmega256a3u.o
 .debug_line    0x0000039d      0xa3a src/76319_ui.o
 .debug_line    0x00000dd7      0x457 src/ASF/common/services/sleepmgr/xmega/sleepmgr.o
 .debug_line    0x0000122e      0x624 src/ASF/common/services/clock/xmega/sysclk.o
 .debug_line    0x00001852      0x5ae src/ASF/common/services/usb/class/composite/device/udi_composite_desc.o
 .debug_line    0x00001e00      0x74b src/ASF/common/services/usb/class/hid/device/generic/udi_hid_generic.o
 .debug_line    0x0000254b      0x973 src/ASF/common/services/usb/class/hid/device/kbd/udi_hid_kbd.o
 .debug_line    0x00002ebe      0x6cc src/ASF/common/services/usb/class/hid/device/udi_hid.o
 .debug_line    0x0000358a      0xb30 src/ASF/common/services/usb/udc/udc.o
 .debug_line    0x000040ba      0x11f src/ASF/xmega/drivers/nvm/nvm_asm.o
 .debug_line    0x000041d9       0x6e src/ASF/xmega/drivers/cpu/ccp.o
 .debug_line    0x00004247     0x1549 src/ASF/xmega/drivers/usb/usb_device.o
 .debug_line    0x00005790      0xa21 src/main.o

.debug_frame    0x00000000      0x900
 *(.debug_frame)
 .debug_frame   0x00000000       0x64 src/76319_ui.o
 .debug_frame   0x00000064       0x94 src/ASF/common/services/clock/xmega/sysclk.o
 .debug_frame   0x000000f8       0xb4 src/ASF/common/services/usb/class/hid/device/generic/udi_hid_generic.o
 .debug_frame   0x000001ac      0x140 src/ASF/common/services/usb/class/hid/device/kbd/udi_hid_kbd.o
 .debug_frame   0x000002ec       0x30 src/ASF/common/services/usb/class/hid/device/udi_hid.o
 .debug_frame   0x0000031c      0x114 src/ASF/common/services/usb/udc/udc.o
 .debug_frame   0x00000430      0x41c src/ASF/xmega/drivers/usb/usb_device.o
 .debug_frame   0x0000084c       0xb4 src/main.o

.debug_str      0x00000000    0x359b5
 *(.debug_str)
 .debug_str     0x00000000     0x223b C:/Program Files (x86)/Atmel/Studio/7.0/Packs/atmel/XMEGAA_DFP/1.3.146/gcc/dev/atxmega256a3u/avrxmega6/crtatxmega256a3u.o
 .debug_str     0x0000223b    0x2e500 src/76319_ui.o
                              0x2eba5 (size before relaxing)
 .debug_str     0x0003073b       0x96 src/ASF/common/services/sleepmgr/xmega/sleepmgr.o
                              0x299d5 (size before relaxing)
 .debug_str     0x000307d1      0x32c src/ASF/common/services/clock/xmega/sysclk.o
                              0x2b26c (size before relaxing)
 .debug_str     0x00030afd      0x54b src/ASF/common/services/usb/class/composite/device/udi_composite_desc.o
                              0x2c8fd (size before relaxing)
 .debug_str     0x00031048      0x4ec src/ASF/common/services/usb/class/hid/device/generic/udi_hid_generic.o
                              0x2c8f7 (size before relaxing)
 .debug_str     0x00031534      0x21b src/ASF/common/services/usb/class/hid/device/kbd/udi_hid_kbd.o
                              0x2c960 (size before relaxing)
 .debug_str     0x0003174f      0x222 src/ASF/common/services/usb/class/hid/device/udi_hid.o
                              0x2c712 (size before relaxing)
 .debug_str     0x00031971      0x6f0 src/ASF/common/services/usb/udc/udc.o
                              0x2cf83 (size before relaxing)
 .debug_str     0x00032061     0x38f6 src/ASF/xmega/drivers/usb/usb_device.o
                              0x31caa (size before relaxing)
 .debug_str     0x00035957       0x5e src/main.o
                              0x2eac8 (size before relaxing)

.debug_loc      0x00000000     0x2166
 *(.debug_loc)
 .debug_loc     0x00000000      0x111 src/76319_ui.o
 .debug_loc     0x00000111      0x2c5 src/ASF/common/services/clock/xmega/sysclk.o
 .debug_loc     0x000003d6       0xd6 src/ASF/common/services/usb/class/hid/device/generic/udi_hid_generic.o
 .debug_loc     0x000004ac      0x3a4 src/ASF/common/services/usb/class/hid/device/kbd/udi_hid_kbd.o
 .debug_loc     0x00000850      0x3ba src/ASF/common/services/usb/class/hid/device/udi_hid.o
 .debug_loc     0x00000c0a      0x50d src/ASF/common/services/usb/udc/udc.o
 .debug_loc     0x00001117      0xfff src/ASF/xmega/drivers/usb/usb_device.o
 .debug_loc     0x00002116       0x50 src/main.o

.debug_macinfo
 *(.debug_macinfo)

.debug_weaknames
 *(.debug_weaknames)

.debug_funcnames
 *(.debug_funcnames)

.debug_typenames
 *(.debug_typenames)

.debug_varnames
 *(.debug_varnames)

.debug_pubtypes
 *(.debug_pubtypes)

.debug_ranges   0x00000000      0x380
 *(.debug_ranges)
 .debug_ranges  0x00000000       0x30 src/76319_ui.o
 .debug_ranges  0x00000030       0x30 src/ASF/common/services/clock/xmega/sysclk.o
 .debug_ranges  0x00000060       0x48 src/ASF/common/services/usb/class/hid/device/generic/udi_hid_generic.o
 .debug_ranges  0x000000a8       0x68 src/ASF/common/services/usb/class/hid/device/kbd/udi_hid_kbd.o
 .debug_ranges  0x00000110       0x28 src/ASF/common/services/usb/class/hid/device/udi_hid.o
 .debug_ranges  0x00000138       0x90 src/ASF/common/services/usb/udc/udc.o
 .debug_ranges  0x000001c8       0x20 src/ASF/xmega/drivers/nvm/nvm_asm.o
 .debug_ranges  0x000001e8      0x140 src/ASF/xmega/drivers/usb/usb_device.o
 .debug_ranges  0x00000328       0x58 src/main.o

.debug_macro    0x00000000     0xbbaa
 *(.debug_macro)
 .debug_macro   0x00000000      0x354 src/76319_ui.o
 .debug_macro   0x00000354      0xa96 src/76319_ui.o
 .debug_macro   0x00000dea       0x10 src/76319_ui.o
 .debug_macro   0x00000dfa      0x1c9 src/76319_ui.o
 .debug_macro   0x00000fc3      0x2fc src/76319_ui.o
 .debug_macro   0x000012bf       0x9e src/76319_ui.o
 .debug_macro   0x0000135d     0x6320 src/76319_ui.o
 .debug_macro   0x0000767d       0x9a src/76319_ui.o
 .debug_macro   0x00007717       0xf1 src/76319_ui.o
 .debug_macro   0x00007808       0x34 src/76319_ui.o
 .debug_macro   0x0000783c       0x16 src/76319_ui.o
 .debug_macro   0x00007852       0x18 src/76319_ui.o
 .debug_macro   0x0000786a       0x5e src/76319_ui.o
 .debug_macro   0x000078c8       0x10 src/76319_ui.o
 .debug_macro   0x000078d8       0x22 src/76319_ui.o
 .debug_macro   0x000078fa      0x16d src/76319_ui.o
 .debug_macro   0x00007a67       0x1c src/76319_ui.o
 .debug_macro   0x00007a83       0x35 src/76319_ui.o
 .debug_macro   0x00007ab8       0x66 src/76319_ui.o
 .debug_macro   0x00007b1e      0x71d src/76319_ui.o
 .debug_macro   0x0000823b       0x96 src/76319_ui.o
 .debug_macro   0x000082d1       0x17 src/76319_ui.o
 .debug_macro   0x000082e8      0x250 src/76319_ui.o
 .debug_macro   0x00008538       0x76 src/76319_ui.o
 .debug_macro   0x000085ae       0x16 src/76319_ui.o
 .debug_macro   0x000085c4      0x6d9 src/76319_ui.o
 .debug_macro   0x00008c9d       0x10 src/76319_ui.o
 .debug_macro   0x00008cad      0x175 src/76319_ui.o
 .debug_macro   0x00008e22       0x40 src/76319_ui.o
 .debug_macro   0x00008e62       0x69 src/76319_ui.o
 .debug_macro   0x00008ecb       0x31 src/76319_ui.o
 .debug_macro   0x00008efc       0xe4 src/76319_ui.o
 .debug_macro   0x00008fe0       0x34 src/76319_ui.o
 .debug_macro   0x00009014       0x82 src/76319_ui.o
 .debug_macro   0x00009096      0x102 src/76319_ui.o
 .debug_macro   0x00009198       0x40 src/76319_ui.o
 .debug_macro   0x000091d8      0x2df src/76319_ui.o
 .debug_macro   0x000094b7       0xad src/76319_ui.o
 .debug_macro   0x00009564       0x26 src/76319_ui.o
 .debug_macro   0x0000958a       0x1c src/76319_ui.o
 .debug_macro   0x000095a6       0x42 src/76319_ui.o
 .debug_macro   0x000095e8       0x10 src/76319_ui.o
 .debug_macro   0x000095f8       0x22 src/76319_ui.o
 .debug_macro   0x0000961a       0x79 src/76319_ui.o
 .debug_macro   0x00009693       0x2f src/76319_ui.o
 .debug_macro   0x000096c2      0x154 src/76319_ui.o
 .debug_macro   0x00009816       0xd0 src/76319_ui.o
 .debug_macro   0x000098e6       0x22 src/76319_ui.o
 .debug_macro   0x00009908      0x241 src/76319_ui.o
 .debug_macro   0x00009b49      0x162 src/76319_ui.o
 .debug_macro   0x00009cab      0x44f src/76319_ui.o
 .debug_macro   0x0000a0fa       0x16 src/76319_ui.o
 .debug_macro   0x0000a110       0x16 src/76319_ui.o
 .debug_macro   0x0000a126       0x10 src/76319_ui.o
 .debug_macro   0x0000a136       0x22 src/76319_ui.o
 .debug_macro   0x0000a158      0x1a3 src/ASF/common/services/sleepmgr/xmega/sleepmgr.o
 .debug_macro   0x0000a2fb      0x1db src/ASF/common/services/clock/xmega/sysclk.o
 .debug_macro   0x0000a4d6      0x219 src/ASF/common/services/usb/class/composite/device/udi_composite_desc.o
 .debug_macro   0x0000a6ef       0xca src/ASF/common/services/usb/class/composite/device/udi_composite_desc.o
 .debug_macro   0x0000a7b9       0x16 src/ASF/common/services/usb/class/composite/device/udi_composite_desc.o
 .debug_macro   0x0000a7cf       0x1c src/ASF/common/services/usb/class/composite/device/udi_composite_desc.o
 .debug_macro   0x0000a7eb      0x249 src/ASF/common/services/usb/class/hid/device/generic/udi_hid_generic.o
 .debug_macro   0x0000aa34       0x16 src/ASF/common/services/usb/class/hid/device/generic/udi_hid_generic.o
 .debug_macro   0x0000aa4a      0x24f src/ASF/common/services/usb/class/hid/device/kbd/udi_hid_kbd.o
 .debug_macro   0x0000ac99      0x231 src/ASF/common/services/usb/class/hid/device/udi_hid.o
 .debug_macro   0x0000aeca      0x236 src/ASF/common/services/usb/udc/udc.o
 .debug_macro   0x0000b100      0x2ff src/ASF/xmega/drivers/usb/usb_device.o
 .debug_macro   0x0000b3ff      0x461 src/ASF/xmega/drivers/usb/usb_device.o
 .debug_macro   0x0000b860      0x34a src/main.o
OUTPUT(CompositeImplementation.elf elf32-avr)
LOAD linker stubs

.BOOT           0x00040000        0x0
